Archive member included to satisfy reference by file (symbol)

/usr/bin/gcc-arm-none-eabi-7-2017-q4-major/bin/../lib/gcc/arm-none-eabi/7.2.1/../../../../arm-none-eabi/lib/thumb/v7-m/libc_nano.a(lib_a-assert.o)
                              build/uavcan.o (__assert_func)
/usr/bin/gcc-arm-none-eabi-7-2017-q4-major/bin/../lib/gcc/arm-none-eabi/7.2.1/../../../../arm-none-eabi/lib/thumb/v7-m/libc_nano.a(lib_a-exit.o)
                              /usr/bin/gcc-arm-none-eabi-7-2017-q4-major/bin/../lib/gcc/arm-none-eabi/7.2.1/../../../../arm-none-eabi/lib/thumb/v7-m/crt0.o (exit)
/usr/bin/gcc-arm-none-eabi-7-2017-q4-major/bin/../lib/gcc/arm-none-eabi/7.2.1/../../../../arm-none-eabi/lib/thumb/v7-m/libc_nano.a(lib_a-fprintf.o)
                              /usr/bin/gcc-arm-none-eabi-7-2017-q4-major/bin/../lib/gcc/arm-none-eabi/7.2.1/../../../../arm-none-eabi/lib/thumb/v7-m/libc_nano.a(lib_a-assert.o) (fiprintf)
/usr/bin/gcc-arm-none-eabi-7-2017-q4-major/bin/../lib/gcc/arm-none-eabi/7.2.1/../../../../arm-none-eabi/lib/thumb/v7-m/libc_nano.a(lib_a-impure.o)
                              /usr/bin/gcc-arm-none-eabi-7-2017-q4-major/bin/../lib/gcc/arm-none-eabi/7.2.1/../../../../arm-none-eabi/lib/thumb/v7-m/libc_nano.a(lib_a-exit.o) (_global_impure_ptr)
/usr/bin/gcc-arm-none-eabi-7-2017-q4-major/bin/../lib/gcc/arm-none-eabi/7.2.1/../../../../arm-none-eabi/lib/thumb/v7-m/libc_nano.a(lib_a-init.o)
                              /usr/bin/gcc-arm-none-eabi-7-2017-q4-major/bin/../lib/gcc/arm-none-eabi/7.2.1/../../../../arm-none-eabi/lib/thumb/v7-m/crt0.o (__libc_init_array)
/usr/bin/gcc-arm-none-eabi-7-2017-q4-major/bin/../lib/gcc/arm-none-eabi/7.2.1/../../../../arm-none-eabi/lib/thumb/v7-m/libc_nano.a(lib_a-memcpy-stub.o)
                              build/queue.o (memcpy)
/usr/bin/gcc-arm-none-eabi-7-2017-q4-major/bin/../lib/gcc/arm-none-eabi/7.2.1/../../../../arm-none-eabi/lib/thumb/v7-m/libc_nano.a(lib_a-memset.o)
                              /usr/bin/gcc-arm-none-eabi-7-2017-q4-major/bin/../lib/gcc/arm-none-eabi/7.2.1/../../../../arm-none-eabi/lib/thumb/v7-m/crt0.o (memset)
/usr/bin/gcc-arm-none-eabi-7-2017-q4-major/bin/../lib/gcc/arm-none-eabi/7.2.1/../../../../arm-none-eabi/lib/thumb/v7-m/libc_nano.a(lib_a-nano-vfprintf.o)
                              /usr/bin/gcc-arm-none-eabi-7-2017-q4-major/bin/../lib/gcc/arm-none-eabi/7.2.1/../../../../arm-none-eabi/lib/thumb/v7-m/libc_nano.a(lib_a-fprintf.o) (_vfprintf_r)
/usr/bin/gcc-arm-none-eabi-7-2017-q4-major/bin/../lib/gcc/arm-none-eabi/7.2.1/../../../../arm-none-eabi/lib/thumb/v7-m/libc_nano.a(lib_a-nano-vfprintf_i.o)
                              /usr/bin/gcc-arm-none-eabi-7-2017-q4-major/bin/../lib/gcc/arm-none-eabi/7.2.1/../../../../arm-none-eabi/lib/thumb/v7-m/libc_nano.a(lib_a-nano-vfprintf.o) (_printf_i)
/usr/bin/gcc-arm-none-eabi-7-2017-q4-major/bin/../lib/gcc/arm-none-eabi/7.2.1/../../../../arm-none-eabi/lib/thumb/v7-m/libc_nano.a(lib_a-wbuf.o)
                              /usr/bin/gcc-arm-none-eabi-7-2017-q4-major/bin/../lib/gcc/arm-none-eabi/7.2.1/../../../../arm-none-eabi/lib/thumb/v7-m/libc_nano.a(lib_a-nano-vfprintf.o) (__swbuf_r)
/usr/bin/gcc-arm-none-eabi-7-2017-q4-major/bin/../lib/gcc/arm-none-eabi/7.2.1/../../../../arm-none-eabi/lib/thumb/v7-m/libc_nano.a(lib_a-wsetup.o)
                              /usr/bin/gcc-arm-none-eabi-7-2017-q4-major/bin/../lib/gcc/arm-none-eabi/7.2.1/../../../../arm-none-eabi/lib/thumb/v7-m/libc_nano.a(lib_a-nano-vfprintf.o) (__swsetup_r)
/usr/bin/gcc-arm-none-eabi-7-2017-q4-major/bin/../lib/gcc/arm-none-eabi/7.2.1/../../../../arm-none-eabi/lib/thumb/v7-m/libc_nano.a(lib_a-abort.o)
                              /usr/bin/gcc-arm-none-eabi-7-2017-q4-major/bin/../lib/gcc/arm-none-eabi/7.2.1/../../../../arm-none-eabi/lib/thumb/v7-m/libc_nano.a(lib_a-assert.o) (abort)
/usr/bin/gcc-arm-none-eabi-7-2017-q4-major/bin/../lib/gcc/arm-none-eabi/7.2.1/../../../../arm-none-eabi/lib/thumb/v7-m/libc_nano.a(lib_a-fflush.o)
                              /usr/bin/gcc-arm-none-eabi-7-2017-q4-major/bin/../lib/gcc/arm-none-eabi/7.2.1/../../../../arm-none-eabi/lib/thumb/v7-m/libc_nano.a(lib_a-wbuf.o) (_fflush_r)
/usr/bin/gcc-arm-none-eabi-7-2017-q4-major/bin/../lib/gcc/arm-none-eabi/7.2.1/../../../../arm-none-eabi/lib/thumb/v7-m/libc_nano.a(lib_a-findfp.o)
                              /usr/bin/gcc-arm-none-eabi-7-2017-q4-major/bin/../lib/gcc/arm-none-eabi/7.2.1/../../../../arm-none-eabi/lib/thumb/v7-m/libc_nano.a(lib_a-nano-vfprintf.o) (__sinit)
/usr/bin/gcc-arm-none-eabi-7-2017-q4-major/bin/../lib/gcc/arm-none-eabi/7.2.1/../../../../arm-none-eabi/lib/thumb/v7-m/libc_nano.a(lib_a-fvwrite.o)
                              /usr/bin/gcc-arm-none-eabi-7-2017-q4-major/bin/../lib/gcc/arm-none-eabi/7.2.1/../../../../arm-none-eabi/lib/thumb/v7-m/libc_nano.a(lib_a-nano-vfprintf.o) (__sfvwrite_r)
/usr/bin/gcc-arm-none-eabi-7-2017-q4-major/bin/../lib/gcc/arm-none-eabi/7.2.1/../../../../arm-none-eabi/lib/thumb/v7-m/libc_nano.a(lib_a-fwalk.o)
[...]
Memory Configuration

Name             Origin             Length             Attributes
RAM              0x0000000020000000 0x0000000000005000 xrw
FLASH            0x0000000008000000 0x0000000000010000 xr
*default*        0x0000000000000000 0xffffffffffffffff

Linker script and memory map

LOAD /usr/bin/gcc-arm-none-eabi-7-2017-q4-major/bin/../lib/gcc/arm-none-eabi/7.2.1/thumb/v7-m/crti.o
LOAD /usr/bin/gcc-arm-none-eabi-7-2017-q4-major/bin/../lib/gcc/arm-none-eabi/7.2.1/thumb/v7-m/crtbegin.o
LOAD /usr/bin/gcc-arm-none-eabi-7-2017-q4-major/bin/../lib/gcc/arm-none-eabi/7.2.1/../../../../arm-none-eabi/lib/thumb/v7-m/crt0.o
LOAD build/main.o
LOAD build/freertos.o
LOAD build/stm32f1xx_it.o
LOAD build/stm32f1xx_hal_msp.o
LOAD build/stm32f1xx_hal_gpio_ex.o
LOAD build/stm32f1xx_hal_can.o
LOAD build/stm32f1xx_hal_tim.o
LOAD build/stm32f1xx_hal_tim_ex.o
LOAD build/stm32f1xx_hal_uart.o
LOAD build/stm32f1xx_hal.o
LOAD build/stm32f1xx_hal_rcc.o
LOAD build/stm32f1xx_hal_rcc_ex.o
LOAD build/stm32f1xx_hal_gpio.o
LOAD build/stm32f1xx_hal_dma.o
LOAD build/stm32f1xx_hal_cortex.o
LOAD build/stm32f1xx_hal_pwr.o
LOAD build/stm32f1xx_hal_flash.o
LOAD build/stm32f1xx_hal_flash_ex.o
LOAD build/system_stm32f1xx.o
LOAD build/heap_4.o
LOAD build/port.o
LOAD build/timers.o
LOAD build/list.o
LOAD build/tasks.o
LOAD build/croutine.o
LOAD build/event_groups.o
LOAD build/queue.o
LOAD build/cmsis_os.o
LOAD build/uavcan.o
LOAD build/gpio.o
LOAD build/can.o
LOAD build/usart.o
LOAD build/stm32f1xx_hal_timebase_TIM.o
LOAD build/adc.o
LOAD build/stm32f1xx_hal_adc.o
LOAD build/stm32f1xx_hal_adc_ex.o
LOAD build/canard.o
LOAD build/canard_stm32.o
LOAD build/startup_stm32f103xb.o
LOAD /usr/bin/gcc-arm-none-eabi-7-2017-q4-major/bin/../lib/gcc/arm-none-eabi/7.2.1/../../../../arm-none-eabi/lib/thumb/v7-m/libc_nano.a
LOAD /usr/bin/gcc-arm-none-eabi-7-2017-q4-major/bin/../lib/gcc/arm-none-eabi/7.2.1/../../../../arm-none-eabi/lib/thumb/v7-m/libm.a
LOAD /usr/bin/gcc-arm-none-eabi-7-2017-q4-major/bin/../lib/gcc/arm-none-eabi/7.2.1/../../../../arm-none-eabi/lib/thumb/v7-m/libnosys.a
START GROUP
LOAD /usr/bin/gcc-arm-none-eabi-7-2017-q4-major/bin/../lib/gcc/arm-none-eabi/7.2.1/thumb/v7-m/libgcc.a
LOAD /usr/bin/gcc-arm-none-eabi-7-2017-q4-major/bin/../lib/gcc/arm-none-eabi/7.2.1/../../../../arm-none-eabi/lib/thumb/v7-m/libc_nano.a
END GROUP
START GROUP
LOAD /usr/bin/gcc-arm-none-eabi-7-2017-q4-major/bin/../lib/gcc/arm-none-eabi/7.2.1/thumb/v7-m/libgcc.a
LOAD /usr/bin/gcc-arm-none-eabi-7-2017-q4-major/bin/../lib/gcc/arm-none-eabi/7.2.1/../../../../arm-none-eabi/lib/thumb/v7-m/libc_nano.a
END GROUP
LOAD /usr/bin/gcc-arm-none-eabi-7-2017-q4-major/bin/../lib/gcc/arm-none-eabi/7.2.1/thumb/v7-m/crtend.o
LOAD /usr/bin/gcc-arm-none-eabi-7-2017-q4-major/bin/../lib/gcc/arm-none-eabi/7.2.1/thumb/v7-m/crtn.o
                0x0000000020005000                _estack = 0x20005000
                0x0000000000000200                _Min_Heap_Size = 0x200
                0x0000000000000400                _Min_Stack_Size = 0x400

.isr_vector     0x0000000008000000      0x10c
                0x0000000008000000                . = ALIGN (0x4)
 *(.isr_vector)
 .isr_vector    0x0000000008000000      0x10c build/startup_stm32f103xb.o
                0x0000000008000000                g_pfnVectors
                0x000000000800010c                . = ALIGN (0x4)

.text           0x0000000008000110     0x599c
                0x0000000008000110                . = ALIGN (0x4)
 *(.text)
 .text          0x0000000008000110       0x40 /usr/bin/gcc-arm-none-eabi-7-2017-q4-major/bin/../lib/gcc/arm-none-eabi/7.2.1/thumb/v7-m/crtbegin.o
 .text          0x0000000008000150      0x2a0 /usr/bin/gcc-arm-none-eabi-7-2017-q4-major/bin/../lib/gcc/arm-none-eabi/7.2.1/thumb/v7-m/libgcc.a(_arm_muldivsf3.o)
                0x0000000008000150                __mulsf3
                0x0000000008000150                __aeabi_fmul
                0x00000000080002b8                __divsf3
                0x00000000080002b8                __aeabi_fdiv
 *(.text*)
 .text.HAL_TIM_PeriodElapsedCallback
                0x00000000080003f0       0x14 build/main.o
                0x00000000080003f0                HAL_TIM_PeriodElapsedCallback
 .text._Error_Handler
                0x0000000008000404        0x4 build/main.o
                0x0000000008000404                _Error_Handler
 .text.SystemClock_Config
                0x0000000008000408       0xa0 build/main.o
                0x0000000008000408                SystemClock_Config
 .text.main     0x00000000080004a8       0x28 build/main.o
                0x00000000080004a8                main
 .text.StartTask01
                0x00000000080004d0       0x14 build/freertos.o
                0x00000000080004d0                StartTask01
 .text.StartTask02
                0x00000000080004e4       0x30 build/freertos.o
                0x00000000080004e4                StartTask02
 .text.MX_FREERTOS_Init
                0x0000000008000514       0x48 build/freertos.o
                0x0000000008000514                MX_FREERTOS_Init
 .text.NMI_Handler
                0x000000000800055c        0x4 build/stm32f1xx_it.o
                0x000000000800055c                NMI_Handler
 .text.HardFault_Handler
                0x0000000008000560        0x4 build/stm32f1xx_it.o
                0x0000000008000560                HardFault_Handler
 .text.MemManage_Handler
                0x0000000008000564        0x4 build/stm32f1xx_it.o
                0x0000000008000564                MemManage_Handler
 .text.BusFault_Handler
                0x0000000008000568        0x4 build/stm32f1xx_it.o
                0x0000000008000568                BusFault_Handler
 .text.UsageFault_Handler
                0x000000000800056c        0x4 build/stm32f1xx_it.o
                0x000000000800056c                UsageFault_Handler
 .text.DebugMon_Handler
                0x0000000008000570        0x4 build/stm32f1xx_it.o
                0x0000000008000570                DebugMon_Handler
 .text.SysTick_Handler
                0x0000000008000574        0x8 build/stm32f1xx_it.o
                0x0000000008000574                SysTick_Handler
 .text.TIM4_IRQHandler
                0x000000000800057c       0x10 build/stm32f1xx_it.o
                0x000000000800057c                TIM4_IRQHandler
 .text.USART1_IRQHandler
                0x000000000800058c       0x10 build/stm32f1xx_it.o
                0x000000000800058c                USART1_IRQHandler
 .text.HAL_MspInit
                0x000000000800059c       0xa0 build/stm32f1xx_hal_msp.o
                0x000000000800059c                HAL_MspInit
 .text.HAL_CAN_Init
                0x000000000800063c      0x14c build/stm32f1xx_hal_can.o
                0x000000000800063c                HAL_CAN_Init
 .text.HAL_TIM_Base_MspInit
                0x0000000008000788        0x4 build/stm32f1xx_hal_tim.o
                0x0000000008000788                HAL_TIM_Base_MspInit
 .text.HAL_TIM_Base_Start_IT
                0x000000000800078c       0x18 build/stm32f1xx_hal_tim.o
                0x000000000800078c                HAL_TIM_Base_Start_IT
 .text.HAL_TIM_OC_DelayElapsedCallback
                0x00000000080007a4        0x4 build/stm32f1xx_hal_tim.o
                0x00000000080007a4                HAL_TIM_OC_DelayElapsedCallback
 .text.HAL_TIM_IC_CaptureCallback
                0x00000000080007a8        0x4 build/stm32f1xx_hal_tim.o
                0x00000000080007a8                HAL_TIM_IC_CaptureCallback
 .text.HAL_TIM_PWM_PulseFinishedCallback
                0x00000000080007ac        0x4 build/stm32f1xx_hal_tim.o
                0x00000000080007ac                HAL_TIM_PWM_PulseFinishedCallback
 .text.HAL_TIM_TriggerCallback
                0x00000000080007b0        0x4 build/stm32f1xx_hal_tim.o
                0x00000000080007b0                HAL_TIM_TriggerCallback
 .text.HAL_TIM_IRQHandler
                0x00000000080007b4      0x174 build/stm32f1xx_hal_tim.o
                0x00000000080007b4                HAL_TIM_IRQHandler
 .text.TIM_Base_SetConfig
                0x0000000008000928       0x70 build/stm32f1xx_hal_tim.o
                0x0000000008000928                TIM_Base_SetConfig
 .text.HAL_TIM_Base_Init
                0x0000000008000998       0x38 build/stm32f1xx_hal_tim.o
                0x0000000008000998                HAL_TIM_Base_Init
 .text.HAL_TIMEx_CommutationCallback
                0x00000000080009d0        0x4 build/stm32f1xx_hal_tim_ex.o
                0x00000000080009d0                HAL_TIMEx_CommutationCallback
 .text.HAL_TIMEx_BreakCallback
                0x00000000080009d4        0x4 build/stm32f1xx_hal_tim_ex.o
                0x00000000080009d4                HAL_TIMEx_BreakCallback
 .text.UART_EndRxTransfer
                0x00000000080009d8       0x1c build/stm32f1xx_hal_uart.o
 .text.UART_Transmit_IT
                0x00000000080009f4       0x68 build/stm32f1xx_hal_uart.o
 .text.UART_SetConfig
                0x0000000008000a5c      0x1bc build/stm32f1xx_hal_uart.o
 .text.UART_WaitOnFlagUntilTimeout
                0x0000000008000c18       0x68 build/stm32f1xx_hal_uart.o
 .text.HAL_UART_Init
                0x0000000008000c80       0x64 build/stm32f1xx_hal_uart.o
                0x0000000008000c80                HAL_UART_Init
 .text.HAL_UART_Transmit
                0x0000000008000ce4       0xe0 build/stm32f1xx_hal_uart.o
                0x0000000008000ce4                HAL_UART_Transmit
 .text.HAL_UART_TxCpltCallback
                0x0000000008000dc4        0x4 build/stm32f1xx_hal_uart.o
                0x0000000008000dc4                HAL_UART_TxCpltCallback
 .text.UART_EndTransmit_IT
                0x0000000008000dc8       0x1c build/stm32f1xx_hal_uart.o
 .text.HAL_UART_RxCpltCallback
                0x0000000008000de4        0x4 build/stm32f1xx_hal_uart.o
                0x0000000008000de4                HAL_UART_RxCpltCallback
 .text.UART_Receive_IT
                0x0000000008000de8       0x9c build/stm32f1xx_hal_uart.o
 .text.HAL_UART_ErrorCallback
                0x0000000008000e84        0x4 build/stm32f1xx_hal_uart.o
                0x0000000008000e84                HAL_UART_ErrorCallback
 .text.HAL_UART_IRQHandler
                0x0000000008000e88      0x11c build/stm32f1xx_hal_uart.o
                0x0000000008000e88                HAL_UART_IRQHandler
 .text.UART_DMAAbortOnError
                0x0000000008000fa4       0x10 build/stm32f1xx_hal_uart.o
 .text.HAL_Init
                0x0000000008000fb4       0x24 build/stm32f1xx_hal.o
                0x0000000008000fb4                HAL_Init
 .text.HAL_IncTick
                0x0000000008000fd8       0x18 build/stm32f1xx_hal.o
                0x0000000008000fd8                HAL_IncTick
 .text.HAL_GetTick
                0x0000000008000ff0        0xc build/stm32f1xx_hal.o
                0x0000000008000ff0                HAL_GetTick
 .text.RCC_Delay
                0x0000000008000ffc       0x2c build/stm32f1xx_hal_rcc.o
 .text.HAL_RCC_OscConfig
                0x0000000008001028      0x400 build/stm32f1xx_hal_rcc.o
                0x0000000008001028                HAL_RCC_OscConfig
 .text.HAL_RCC_GetSysClockFreq
                0x0000000008001428       0x70 build/stm32f1xx_hal_rcc.o
                0x0000000008001428                HAL_RCC_GetSysClockFreq
 .text.HAL_RCC_ClockConfig
                0x0000000008001498      0x184 build/stm32f1xx_hal_rcc.o
                0x0000000008001498                HAL_RCC_ClockConfig
 .text.HAL_RCC_GetHCLKFreq
                0x000000000800161c        0xc build/stm32f1xx_hal_rcc.o
                0x000000000800161c                HAL_RCC_GetHCLKFreq
 .text.HAL_RCC_GetPCLK1Freq
                0x0000000008001628       0x20 build/stm32f1xx_hal_rcc.o
                0x0000000008001628                HAL_RCC_GetPCLK1Freq
 .text.HAL_RCC_GetPCLK2Freq
                0x0000000008001648       0x20 build/stm32f1xx_hal_rcc.o
                0x0000000008001648                HAL_RCC_GetPCLK2Freq
 .text.HAL_RCC_GetClockConfig
                0x0000000008001668       0x3c build/stm32f1xx_hal_rcc.o
                0x0000000008001668                HAL_RCC_GetClockConfig
 .text.HAL_RCCEx_PeriphCLKConfig
                0x00000000080016a4      0x114 build/stm32f1xx_hal_rcc_ex.o
                0x00000000080016a4                HAL_RCCEx_PeriphCLKConfig
 .text.HAL_RCCEx_GetPeriphCLKFreq
                0x00000000080017b8      0x108 build/stm32f1xx_hal_rcc_ex.o
                0x00000000080017b8                HAL_RCCEx_GetPeriphCLKFreq
 .text.HAL_GPIO_Init
                0x00000000080018c0      0x1e4 build/stm32f1xx_hal_gpio.o
                0x00000000080018c0                HAL_GPIO_Init
 .text.HAL_GPIO_WritePin
                0x0000000008001aa4        0xc build/stm32f1xx_hal_gpio.o
                0x0000000008001aa4                HAL_GPIO_WritePin
 .text.HAL_GPIO_TogglePin
                0x0000000008001ab0        0x8 build/stm32f1xx_hal_gpio.o
                0x0000000008001ab0                HAL_GPIO_TogglePin
 .text.HAL_DMA_Abort_IT
                0x0000000008001ab8       0x98 build/stm32f1xx_hal_dma.o
                0x0000000008001ab8                HAL_DMA_Abort_IT
 .text.HAL_NVIC_SetPriorityGrouping
                0x0000000008001b50       0x24 build/stm32f1xx_hal_cortex.o
                0x0000000008001b50                HAL_NVIC_SetPriorityGrouping
 .text.HAL_NVIC_SetPriority
                0x0000000008001b74       0x64 build/stm32f1xx_hal_cortex.o
                0x0000000008001b74                HAL_NVIC_SetPriority
 .text.HAL_NVIC_EnableIRQ
                0x0000000008001bd8       0x18 build/stm32f1xx_hal_cortex.o
                0x0000000008001bd8                HAL_NVIC_EnableIRQ
 .text.HAL_SYSTICK_Config
                0x0000000008001bf0       0x2c build/stm32f1xx_hal_cortex.o
                0x0000000008001bf0                HAL_SYSTICK_Config
 .text.HAL_SYSTICK_CLKSourceConfig
                0x0000000008001c1c       0x20 build/stm32f1xx_hal_cortex.o
                0x0000000008001c1c                HAL_SYSTICK_CLKSourceConfig
 .text.SystemInit
                0x0000000008001c3c       0x4c build/system_stm32f1xx.o
                0x0000000008001c3c                SystemInit
 .text.prvHeapInit
                0x0000000008001c88       0x68 build/heap_4.o
 .text.prvInsertBlockIntoFreeList
                0x0000000008001cf0       0x58 build/heap_4.o
 .text.pvPortMalloc
                0x0000000008001d48       0xec build/heap_4.o
                0x0000000008001d48                pvPortMalloc
 .text.vPortFree
                0x0000000008001e34       0x78 build/heap_4.o
                0x0000000008001e34                vPortFree
 .text.prvTaskExitError
                0x0000000008001eac       0x34 build/port.o
 .text.prvPortStartFirstTask
                0x0000000008001ee0       0x20 build/port.o
 .text.pxPortInitialiseStack
                0x0000000008001f00       0x24 build/port.o
                0x0000000008001f00                pxPortInitialiseStack
 *fill*         0x0000000008001f24        0xc 
 .text.SVC_Handler
                0x0000000008001f30       0x24 build/port.o
                0x0000000008001f30                SVC_Handler
 .text.vPortEnterCritical
                0x0000000008001f54       0x44 build/port.o
                0x0000000008001f54                vPortEnterCritical
 .text.vPortExitCritical
                0x0000000008001f98       0x2c build/port.o
                0x0000000008001f98                vPortExitCritical
 *fill*         0x0000000008001fc4        0xc 
 .text.PendSV_Handler
                0x0000000008001fd0       0x44 build/port.o
                0x0000000008001fd0                PendSV_Handler
 .text.xPortSysTickHandler
                0x0000000008002014       0x2c build/port.o
                0x0000000008002014                xPortSysTickHandler
 .text.vPortSetupTimerInterrupt
                0x0000000008002040       0x2c build/port.o
                0x0000000008002040                vPortSetupTimerInterrupt
 .text.xPortStartScheduler
                0x000000000800206c       0x98 build/port.o
                0x000000000800206c                xPortStartScheduler
 .text.vListInitialise
                0x0000000008002104       0x18 build/list.o
                0x0000000008002104                vListInitialise
 .text.vListInitialiseItem
                0x000000000800211c        0x8 build/list.o
                0x000000000800211c                vListInitialiseItem
 .text.vListInsertEnd
                0x0000000008002124       0x18 build/list.o
                0x0000000008002124                vListInsertEnd
 .text.vListInsert
                0x000000000800213c       0x34 build/list.o
                0x000000000800213c                vListInsert
 .text.uxListRemove
                0x0000000008002170       0x24 build/list.o
                0x0000000008002170                uxListRemove
 .text.prvResetNextTaskUnblockTime
                0x0000000008002194       0x34 build/tasks.o
 .text.prvDeleteTCB
                0x00000000080021c8       0x14 build/tasks.o
 .text.prvInitialiseNewTask
                0x00000000080021dc       0x80 build/tasks.o
 .text.prvInitialiseTaskLists
                0x000000000800225c       0x68 build/tasks.o
 .text.prvAddNewTaskToReadyList
                0x00000000080022c4       0xa8 build/tasks.o
 .text.prvAddCurrentTaskToDelayedList
                0x000000000800236c       0x94 build/tasks.o
 .text.xTaskCreate
                0x0000000008002400       0x64 build/tasks.o
                0x0000000008002400                xTaskCreate
 .text.vTaskStartScheduler
                0x0000000008002464       0x7c build/tasks.o
                0x0000000008002464                vTaskStartScheduler
 .text.vTaskSuspendAll
                0x00000000080024e0       0x10 build/tasks.o
                0x00000000080024e0                vTaskSuspendAll
 .text.xTaskIncrementTick
                0x00000000080024f0      0x124 build/tasks.o
                0x00000000080024f0                xTaskIncrementTick
 .text.xTaskResumeAll
                0x0000000008002614       0xf8 build/tasks.o
                0x0000000008002614                xTaskResumeAll
 .text.vTaskDelay
                0x000000000800270c       0x50 build/tasks.o
                0x000000000800270c                vTaskDelay
 .text.prvCheckTasksWaitingTermination
                0x000000000800275c       0x54 build/tasks.o
 .text.prvIdleTask
                0x00000000080027b0       0x28 build/tasks.o
 .text.vTaskSwitchContext
                0x00000000080027d8       0x98 build/tasks.o
                0x00000000080027d8                vTaskSwitchContext
 .text.xTaskGetSchedulerState
                0x0000000008002870       0x20 build/tasks.o
                0x0000000008002870                xTaskGetSchedulerState
 .text.makeFreeRtosPriority
                0x0000000008002890        0xc build/cmsis_os.o
 .text.osKernelStart
                0x000000000800289c        0xc build/cmsis_os.o
                0x000000000800289c                osKernelStart
 .text.osThreadCreate
                0x00000000080028a8       0x34 build/cmsis_os.o
                0x00000000080028a8                osThreadCreate
 .text.osDelay  0x00000000080028dc       0x10 build/cmsis_os.o
                0x00000000080028dc                osDelay
 .text.osSystickHandler
                0x00000000080028ec       0x10 build/cmsis_os.o
                0x00000000080028ec                osSystickHandler
 *fill*         0x00000000080028fc        0x4 
 .text.shouldAcceptTransfer
                0x0000000008002900       0x28 build/uavcan.o
                0x0000000008002900                shouldAcceptTransfer
 .text.uavcanInit
                0x0000000008002928      0x148 build/uavcan.o
                0x0000000008002928                uavcanInit
 .text.sendCanard
                0x0000000008002a70       0x30 build/uavcan.o
                0x0000000008002a70                sendCanard
 .text.receiveCanard
                0x0000000008002aa0       0x30 build/uavcan.o
                0x0000000008002aa0                receiveCanard
 .text.makeNodeStatusMessage
                0x0000000008002ad0       0x58 build/uavcan.o
                0x0000000008002ad0                makeNodeStatusMessage
 .text.spinCanard
                0x0000000008002b28       0x70 build/uavcan.o
                0x0000000008002b28                spinCanard
 .text.readUniqueID
                0x0000000008002b98       0x10 build/uavcan.o
                0x0000000008002b98                readUniqueID
 .text.makeNodeInfoMessage
                0x0000000008002ba8       0x68 build/uavcan.o
                0x0000000008002ba8                makeNodeInfoMessage
 .text.getNodeInfoHandleCanard
                0x0000000008002c10       0x4c build/uavcan.o
                0x0000000008002c10                getNodeInfoHandleCanard
 .text.onTransferReceived
                0x0000000008002c5c       0x18 build/uavcan.o
                0x0000000008002c5c                onTransferReceived
 *fill*         0x0000000008002c74        0x4 
 .text.publishBattInfo
                0x0000000008002c78       0xfc build/uavcan.o
                0x0000000008002c78                publishBattInfo
 .text.publishCanard
                0x0000000008002d74       0x24 build/uavcan.o
                0x0000000008002d74                publishCanard
 .text.MX_GPIO_Init
                0x0000000008002d98       0x70 build/gpio.o
                0x0000000008002d98                MX_GPIO_Init
 .text.MX_CAN_Init
                0x0000000008002e08       0x40 build/can.o
                0x0000000008002e08                MX_CAN_Init
 .text.HAL_CAN_MspInit
                0x0000000008002e48       0x5c build/can.o
                0x0000000008002e48                HAL_CAN_MspInit
 .text.MX_USART1_UART_Init
                0x0000000008002ea4       0x3c build/usart.o
                0x0000000008002ea4                MX_USART1_UART_Init
 .text.HAL_UART_MspInit
                0x0000000008002ee0       0x6c build/usart.o
                0x0000000008002ee0                HAL_UART_MspInit
 .text.HAL_InitTick
                0x0000000008002f4c       0x7c build/stm32f1xx_hal_timebase_TIM.o
                0x0000000008002f4c                HAL_InitTick
 .text.MX_ADC1_Init
                0x0000000008002fc8       0x44 build/adc.o
                0x0000000008002fc8                MX_ADC1_Init
 .text.HAL_ADC_MspInit
                0x000000000800300c       0x44 build/adc.o
                0x000000000800300c                HAL_ADC_MspInit
 .text.getAdcVaule
                0x0000000008003050      0x290 build/adc.o
                0x0000000008003050                getAdcVaule
 .text.HAL_ADC_PollForConversion
                0x00000000080032e0      0x170 build/stm32f1xx_hal_adc.o
                0x00000000080032e0                HAL_ADC_PollForConversion
 .text.HAL_ADC_GetValue
                0x0000000008003450        0x6 build/stm32f1xx_hal_adc.o
                0x0000000008003450                HAL_ADC_GetValue
 *fill*         0x0000000008003456        0x2 
 .text.HAL_ADC_ConfigChannel
                0x0000000008003458      0x138 build/stm32f1xx_hal_adc.o
                0x0000000008003458                HAL_ADC_ConfigChannel
 .text.ADC_Enable
                0x0000000008003590       0x80 build/stm32f1xx_hal_adc.o
                0x0000000008003590                ADC_Enable
 .text.HAL_ADC_Start
                0x0000000008003610       0xec build/stm32f1xx_hal_adc.o
                0x0000000008003610                HAL_ADC_Start
 .text.ADC_ConversionStop_Disable
                0x00000000080036fc       0x4c build/stm32f1xx_hal_adc.o
                0x00000000080036fc                ADC_ConversionStop_Disable
 .text.HAL_ADC_Init
                0x0000000008003748      0x110 build/stm32f1xx_hal_adc.o
                0x0000000008003748                HAL_ADC_Init
 .text.HAL_ADC_Stop
                0x0000000008003858       0x3a build/stm32f1xx_hal_adc.o
                0x0000000008003858                HAL_ADC_Stop
 .text.computeTransferIDForwardDistance
                0x0000000008003892       0x12 build/canard.o
 .text.isPriorityHigher
                0x00000000080038a4       0x50 build/canard.o
 .text.extractTransferType
                0x00000000080038f4       0x18 build/canard.o
 .text.extractDataType
                0x000000000800390c       0x22 build/canard.o
 .text.findRxState
                0x000000000800392e        0xe build/canard.o
 .text.isBigEndian
                0x000000000800393c        0x4 build/canard.o
 .text.crcAddByte
                0x0000000008003940       0x2a build/canard.o
 .text.crcAddSignature
                0x000000000800396a       0x32 build/canard.o
 .text.crcAdd   0x000000000800399c       0x18 build/canard.o
 .text.initPoolAllocator
                0x00000000080039b4       0x24 build/canard.o
 .text.allocateBlock
                0x00000000080039d8       0x20 build/canard.o
 .text.createBufferBlock
                0x00000000080039f8       0x12 build/canard.o
 .text.bufferBlockPushBytes
                0x0000000008003a0a      0x118 build/canard.o
 *fill*         0x0000000008003b22        0x2 
 .text.pushTxQueue
                0x0000000008003b24       0x78 build/canard.o
 .text.incrementTransferID
                0x0000000008003b9c       0x30 build/canard.o
 .text.freeBlock
                0x0000000008003bcc       0x2c build/canard.o
 .text.releaseStatePayload
                0x0000000008003bf8       0x28 build/canard.o
 .text.prepareForNextTransfer
                0x0000000008003c20       0x44 build/canard.o
 .text.copyBitArray
                0x0000000008003c64       0x94 build/canard.o
 .text.swapByteOrder
                0x0000000008003cf8       0x38 build/canard.o
 .text.createTxItem
                0x0000000008003d30       0x1a build/canard.o
 *fill*         0x0000000008003d4a        0x2 
 .text.enqueueTxFrames
                0x0000000008003d4c      0x140 build/canard.o
 .text.createRxState
                0x0000000008003e8c       0x3a build/canard.o
 .text.prependRxState
                0x0000000008003ec6       0x18 build/canard.o
 .text.traverseRxStates
                0x0000000008003ede       0x34 build/canard.o
 *fill*         0x0000000008003f12        0x2 
 .text.canardInit
                0x0000000008003f14       0x50 build/canard.o
                0x0000000008003f14                canardInit
 .text.canardSetLocalNodeID
                0x0000000008003f64       0x3c build/canard.o
                0x0000000008003f64                canardSetLocalNodeID
 .text.canardGetLocalNodeID
                0x0000000008003fa0        0x4 build/canard.o
                0x0000000008003fa0                canardGetLocalNodeID
 .text.canardBroadcast
                0x0000000008003fa4       0xc6 build/canard.o
                0x0000000008003fa4                canardBroadcast
 .text.canardRequestOrRespond
                0x000000000800406a       0x9c build/canard.o
                0x000000000800406a                canardRequestOrRespond
 .text.canardPeekTxQueue
                0x0000000008004106        0xc build/canard.o
                0x0000000008004106                canardPeekTxQueue
 .text.canardPopTxQueue
                0x0000000008004112       0x10 build/canard.o
                0x0000000008004112                canardPopTxQueue
 *fill*         0x0000000008004122        0x2 
 .text.canardEncodeScalar
                0x0000000008004124       0xe4 build/canard.o
                0x0000000008004124                canardEncodeScalar
 .text.canardReleaseRxTransferPayload
                0x0000000008004208       0x26 build/canard.o
                0x0000000008004208                canardReleaseRxTransferPayload
 *fill*         0x000000000800422e        0x2 
 .text.canardHandleRxFrame
                0x0000000008004230      0x3ac build/canard.o
                0x0000000008004230                canardHandleRxFrame
 .text.canardConvertNativeFloatToFloat16
                0x00000000080045dc       0x44 build/canard.o
                0x00000000080045dc                canardConvertNativeFloatToFloat16
 .text.isFramePriorityHigher
                0x0000000008004620       0x50 build/canard_stm32.o
 .text.convertFrameIDCanardToRegister
                0x0000000008004670       0x1a build/canard_stm32.o
 .text.convertFrameIDRegisterToCanard
                0x000000000800468a       0x1e build/canard_stm32.o
 .text.waitMSRINAKBitStateChange
                0x00000000080046a8       0x22 build/canard_stm32.o
 *fill*         0x00000000080046ca        0x2 
 .text.processErrorStatus
                0x00000000080046cc       0x54 build/canard_stm32.o
 .text.canardSTM32Init
                0x0000000008004720      0x1c8 build/canard_stm32.o
                0x0000000008004720                canardSTM32Init
 .text.canardSTM32Transmit
                0x00000000080048e8      0x114 build/canard_stm32.o
                0x00000000080048e8                canardSTM32Transmit
 .text.canardSTM32Receive
                0x00000000080049fc       0xa0 build/canard_stm32.o
                0x00000000080049fc                canardSTM32Receive
 .text.Reset_Handler
                0x0000000008004a9c       0x48 build/startup_stm32f103xb.o
                0x0000000008004a9c                Reset_Handler
 .text.Default_Handler
                0x0000000008004ae4        0x2 build/startup_stm32f103xb.o
                0x0000000008004ae4                RTC_Alarm_IRQHandler
                0x0000000008004ae4                EXTI2_IRQHandler
                0x0000000008004ae4                TIM1_CC_IRQHandler
                0x0000000008004ae4                PVD_IRQHandler
                0x0000000008004ae4                EXTI3_IRQHandler
                0x0000000008004ae4                EXTI0_IRQHandler
                0x0000000008004ae4                I2C2_EV_IRQHandler
                0x0000000008004ae4                ADC1_2_IRQHandler
                0x0000000008004ae4                SPI1_IRQHandler
                0x0000000008004ae4                TAMPER_IRQHandler
                0x0000000008004ae4                DMA1_Channel4_IRQHandler
                0x0000000008004ae4                USART3_IRQHandler
                0x0000000008004ae4                RTC_IRQHandler
                0x0000000008004ae4                DMA1_Channel7_IRQHandler
                0x0000000008004ae4                CAN1_RX1_IRQHandler
                0x0000000008004ae4                I2C1_EV_IRQHandler
                0x0000000008004ae4                DMA1_Channel6_IRQHandler
                0x0000000008004ae4                TIM3_IRQHandler
                0x0000000008004ae4                RCC_IRQHandler
                0x0000000008004ae4                TIM1_TRG_COM_IRQHandler
                0x0000000008004ae4                DMA1_Channel1_IRQHandler
                0x0000000008004ae4                Default_Handler
                0x0000000008004ae4                EXTI15_10_IRQHandler
                0x0000000008004ae4                EXTI9_5_IRQHandler
                0x0000000008004ae4                SPI2_IRQHandler
                0x0000000008004ae4                DMA1_Channel5_IRQHandler
                0x0000000008004ae4                EXTI4_IRQHandler
                0x0000000008004ae4                USB_LP_CAN1_RX0_IRQHandler
                0x0000000008004ae4                USB_HP_CAN1_TX_IRQHandler
                0x0000000008004ae4                DMA1_Channel3_IRQHandler
                0x0000000008004ae4                TIM1_UP_IRQHandler
                0x0000000008004ae4                WWDG_IRQHandler
                0x0000000008004ae4                TIM2_IRQHandler
                0x0000000008004ae4                TIM1_BRK_IRQHandler
                0x0000000008004ae4                EXTI1_IRQHandler
                0x0000000008004ae4                USART2_IRQHandler
                0x0000000008004ae4                I2C2_ER_IRQHandler
                0x0000000008004ae4                DMA1_Channel2_IRQHandler
                0x0000000008004ae4                CAN1_SCE_IRQHandler
                0x0000000008004ae4                FLASH_IRQHandler
                0x0000000008004ae4                I2C1_ER_IRQHandler
                0x0000000008004ae4                USBWakeUp_IRQHandler
 *fill*         0x0000000008004ae6        0x2 
 .text.__assert_func
                0x0000000008004ae8       0x3c /usr/bin/gcc-arm-none-eabi-7-2017-q4-major/bin/../lib/gcc/arm-none-eabi/7.2.1/../../../../arm-none-eabi/lib/thumb/v7-m/libc_nano.a(lib_a-assert.o)
                0x0000000008004ae8                __assert_func
 .text.fprintf  0x0000000008004b24       0x24 /usr/bin/gcc-arm-none-eabi-7-2017-q4-major/bin/../lib/gcc/arm-none-eabi/7.2.1/../../../../arm-none-eabi/lib/thumb/v7-m/libc_nano.a(lib_a-fprintf.o)
                0x0000000008004b24                fprintf
                0x0000000008004b24                fiprintf
 .text.__libc_init_array
                0x0000000008004b48       0x48 /usr/bin/gcc-arm-none-eabi-7-2017-q4-major/bin/../lib/gcc/arm-none-eabi/7.2.1/../../../../arm-none-eabi/lib/thumb/v7-m/libc_nano.a(lib_a-init.o)
                0x0000000008004b48                __libc_init_array
 .text.memcpy   0x0000000008004b90       0x16 /usr/bin/gcc-arm-none-eabi-7-2017-q4-major/bin/../lib/gcc/arm-none-eabi/7.2.1/../../../../arm-none-eabi/lib/thumb/v7-m/libc_nano.a(lib_a-memcpy-stub.o)
                0x0000000008004b90                memcpy
 .text.memset   0x0000000008004ba6       0x10 /usr/bin/gcc-arm-none-eabi-7-2017-q4-major/bin/../lib/gcc/arm-none-eabi/7.2.1/../../../../arm-none-eabi/lib/thumb/v7-m/libc_nano.a(lib_a-memset.o)
                0x0000000008004ba6                memset
 .text.__sfputc_r
                0x0000000008004bb6       0x2a /usr/bin/gcc-arm-none-eabi-7-2017-q4-major/bin/../lib/gcc/arm-none-eabi/7.2.1/../../../../arm-none-eabi/lib/thumb/v7-m/libc_nano.a(lib_a-nano-vfprintf.o)
 .text.__sfputs_r
                0x0000000008004be0       0x24 /usr/bin/gcc-arm-none-eabi-7-2017-q4-major/bin/../lib/gcc/arm-none-eabi/7.2.1/../../../../arm-none-eabi/lib/thumb/v7-m/libc_nano.a(lib_a-nano-vfprintf.o)
                0x0000000008004be0                __sfputs_r
 .text._vfprintf_r
                0x0000000008004c04      0x228 /usr/bin/gcc-arm-none-eabi-7-2017-q4-major/bin/../lib/gcc/arm-none-eabi/7.2.1/../../../../arm-none-eabi/lib/thumb/v7-m/libc_nano.a(lib_a-nano-vfprintf.o)
                0x0000000008004c04                _vfiprintf_r
                0x0000000008004c04                _vfprintf_r
 .text._printf_common
                0x0000000008004e2c       0xec /usr/bin/gcc-arm-none-eabi-7-2017-q4-major/bin/../lib/gcc/arm-none-eabi/7.2.1/../../../../arm-none-eabi/lib/thumb/v7-m/libc_nano.a(lib_a-nano-vfprintf_i.o)
                0x0000000008004e2c                _printf_common
 .text._printf_i
                0x0000000008004f18      0x224 /usr/bin/gcc-arm-none-eabi-7-2017-q4-major/bin/../lib/gcc/arm-none-eabi/7.2.1/../../../../arm-none-eabi/lib/thumb/v7-m/libc_nano.a(lib_a-nano-vfprintf_i.o)
                0x0000000008004f18                _printf_i
 .text.__swbuf_r
                0x000000000800513c       0xa4 /usr/bin/gcc-arm-none-eabi-7-2017-q4-major/bin/../lib/gcc/arm-none-eabi/7.2.1/../../../../arm-none-eabi/lib/thumb/v7-m/libc_nano.a(lib_a-wbuf.o)
                0x000000000800513c                __swbuf_r
 .text.__swsetup_r
                0x00000000080051e0       0xdc /usr/bin/gcc-arm-none-eabi-7-2017-q4-major/bin/../lib/gcc/arm-none-eabi/7.2.1/../../../../arm-none-eabi/lib/thumb/v7-m/libc_nano.a(lib_a-wsetup.o)
                0x00000000080051e0                __swsetup_r
 .text.abort    0x00000000080052bc        0xe /usr/bin/gcc-arm-none-eabi-7-2017-q4-major/bin/../lib/gcc/arm-none-eabi/7.2.1/../../../../arm-none-eabi/lib/thumb/v7-m/libc_nano.a(lib_a-abort.o)
                0x00000000080052bc                abort
 *fill*         0x00000000080052ca        0x2 
 .text.__sflush_r
                0x00000000080052cc      0x10c /usr/bin/gcc-arm-none-eabi-7-2017-q4-major/bin/../lib/gcc/arm-none-eabi/7.2.1/../../../../arm-none-eabi/lib/thumb/v7-m/libc_nano.a(lib_a-fflush.o)
                0x00000000080052cc                __sflush_r
 .text._fflush_r
                0x00000000080053d8       0x54 /usr/bin/gcc-arm-none-eabi-7-2017-q4-major/bin/../lib/gcc/arm-none-eabi/7.2.1/../../../../arm-none-eabi/lib/thumb/v7-m/libc_nano.a(lib_a-fflush.o)
                0x00000000080053d8                _fflush_r
 .text.std      0x000000000800542c       0x48 /usr/bin/gcc-arm-none-eabi-7-2017-q4-major/bin/../lib/gcc/arm-none-eabi/7.2.1/../../../../arm-none-eabi/lib/thumb/v7-m/libc_nano.a(lib_a-findfp.o)
 .text._cleanup_r
                0x0000000008005474        0xc /usr/bin/gcc-arm-none-eabi-7-2017-q4-major/bin/../lib/gcc/arm-none-eabi/7.2.1/../../../../arm-none-eabi/lib/thumb/v7-m/libc_nano.a(lib_a-findfp.o)
                0x0000000008005474                _cleanup_r
 .text.__sfmoreglue
                0x0000000008005480       0x2c /usr/bin/gcc-arm-none-eabi-7-2017-q4-major/bin/../lib/gcc/arm-none-eabi/7.2.1/../../../../arm-none-eabi/lib/thumb/v7-m/libc_nano.a(lib_a-findfp.o)
                0x0000000008005480                __sfmoreglue
 .text.__sinit  0x00000000080054ac       0x60 /usr/bin/gcc-arm-none-eabi-7-2017-q4-major/bin/../lib/gcc/arm-none-eabi/7.2.1/../../../../arm-none-eabi/lib/thumb/v7-m/libc_nano.a(lib_a-findfp.o)
                0x00000000080054ac                __sinit
 .text.__sfp    0x000000000800550c       0x78 /usr/bin/gcc-arm-none-eabi-7-2017-q4-major/bin/../lib/gcc/arm-none-eabi/7.2.1/../../../../arm-none-eabi/lib/thumb/v7-m/libc_nano.a(lib_a-findfp.o)
                0x000000000800550c                __sfp
 .text._fwalk_reent
                0x0000000008005584       0x3c /usr/bin/gcc-arm-none-eabi-7-2017-q4-major/bin/../lib/gcc/arm-none-eabi/7.2.1/../../../../arm-none-eabi/lib/thumb/v7-m/libc_nano.a(lib_a-fwalk.o)
                0x0000000008005584                _fwalk_reent
 .text.__swhatbuf_r
                0x00000000080055c0       0x48 /usr/bin/gcc-arm-none-eabi-7-2017-q4-major/bin/../lib/gcc/arm-none-eabi/7.2.1/../../../../arm-none-eabi/lib/thumb/v7-m/libc_nano.a(lib_a-makebuf.o)
                0x00000000080055c0                __swhatbuf_r
 .text.__smakebuf_r
                0x0000000008005608       0x80 /usr/bin/gcc-arm-none-eabi-7-2017-q4-major/bin/../lib/gcc/arm-none-eabi/7.2.1/../../../../arm-none-eabi/lib/thumb/v7-m/libc_nano.a(lib_a-makebuf.o)
                0x0000000008005608                __smakebuf_r
 .text.memchr   0x0000000008005688       0x1c /usr/bin/gcc-arm-none-eabi-7-2017-q4-major/bin/../lib/gcc/arm-none-eabi/7.2.1/../../../../arm-none-eabi/lib/thumb/v7-m/libc_nano.a(lib_a-memchr-stub.o)
                0x0000000008005688                memchr
 .text._free_r  0x00000000080056a4       0x98 /usr/bin/gcc-arm-none-eabi-7-2017-q4-major/bin/../lib/gcc/arm-none-eabi/7.2.1/../../../../arm-none-eabi/lib/thumb/v7-m/libc_nano.a(lib_a-nano-freer.o)
                0x00000000080056a4                _free_r
 .text._malloc_r
                0x000000000800573c       0xb4 /usr/bin/gcc-arm-none-eabi-7-2017-q4-major/bin/../lib/gcc/arm-none-eabi/7.2.1/../../../../arm-none-eabi/lib/thumb/v7-m/libc_nano.a(lib_a-nano-mallocr.o)
                0x000000000800573c                _malloc_r
 .text._sbrk_r  0x00000000080057f0       0x20 /usr/bin/gcc-arm-none-eabi-7-2017-q4-major/bin/../lib/gcc/arm-none-eabi/7.2.1/../../../../arm-none-eabi/lib/thumb/v7-m/libc_nano.a(lib_a-sbrkr.o)
                0x00000000080057f0                _sbrk_r
 .text._raise_r
                0x0000000008005810       0x50 /usr/bin/gcc-arm-none-eabi-7-2017-q4-major/bin/../lib/gcc/arm-none-eabi/7.2.1/../../../../arm-none-eabi/lib/thumb/v7-m/libc_nano.a(lib_a-signal.o)
                0x0000000008005810                _raise_r
 .text.raise    0x0000000008005860       0x10 /usr/bin/gcc-arm-none-eabi-7-2017-q4-major/bin/../lib/gcc/arm-none-eabi/7.2.1/../../../../arm-none-eabi/lib/thumb/v7-m/libc_nano.a(lib_a-signal.o)
                0x0000000008005860                raise
 .text._kill_r  0x0000000008005870       0x24 /usr/bin/gcc-arm-none-eabi-7-2017-q4-major/bin/../lib/gcc/arm-none-eabi/7.2.1/../../../../arm-none-eabi/lib/thumb/v7-m/libc_nano.a(lib_a-signalr.o)
                0x0000000008005870                _kill_r
 .text._getpid_r
                0x0000000008005894        0x4 /usr/bin/gcc-arm-none-eabi-7-2017-q4-major/bin/../lib/gcc/arm-none-eabi/7.2.1/../../../../arm-none-eabi/lib/thumb/v7-m/libc_nano.a(lib_a-signalr.o)
                0x0000000008005894                _getpid_r
 .text.__sread  0x0000000008005898       0x22 /usr/bin/gcc-arm-none-eabi-7-2017-q4-major/bin/../lib/gcc/arm-none-eabi/7.2.1/../../../../arm-none-eabi/lib/thumb/v7-m/libc_nano.a(lib_a-stdio.o)
                0x0000000008005898                __sread
 .text.__swrite
                0x00000000080058ba       0x38 /usr/bin/gcc-arm-none-eabi-7-2017-q4-major/bin/../lib/gcc/arm-none-eabi/7.2.1/../../../../arm-none-eabi/lib/thumb/v7-m/libc_nano.a(lib_a-stdio.o)
                0x00000000080058ba                __swrite
 .text.__sseek  0x00000000080058f2       0x24 /usr/bin/gcc-arm-none-eabi-7-2017-q4-major/bin/../lib/gcc/arm-none-eabi/7.2.1/../../../../arm-none-eabi/lib/thumb/v7-m/libc_nano.a(lib_a-stdio.o)
                0x00000000080058f2                __sseek
 .text.__sclose
                0x0000000008005916        0x8 /usr/bin/gcc-arm-none-eabi-7-2017-q4-major/bin/../lib/gcc/arm-none-eabi/7.2.1/../../../../arm-none-eabi/lib/thumb/v7-m/libc_nano.a(lib_a-stdio.o)
                0x0000000008005916                __sclose
 *fill*         0x000000000800591e        0x2 
 .text._write_r
                0x0000000008005920       0x24 /usr/bin/gcc-arm-none-eabi-7-2017-q4-major/bin/../lib/gcc/arm-none-eabi/7.2.1/../../../../arm-none-eabi/lib/thumb/v7-m/libc_nano.a(lib_a-writer.o)
                0x0000000008005920                _write_r
 .text._close_r
                0x0000000008005944       0x20 /usr/bin/gcc-arm-none-eabi-7-2017-q4-major/bin/../lib/gcc/arm-none-eabi/7.2.1/../../../../arm-none-eabi/lib/thumb/v7-m/libc_nano.a(lib_a-closer.o)
                0x0000000008005944                _close_r
 .text._fstat_r
                0x0000000008005964       0x24 /usr/bin/gcc-arm-none-eabi-7-2017-q4-major/bin/../lib/gcc/arm-none-eabi/7.2.1/../../../../arm-none-eabi/lib/thumb/v7-m/libc_nano.a(lib_a-fstatr.o)
                0x0000000008005964                _fstat_r
 .text._isatty_r
                0x0000000008005988       0x20 /usr/bin/gcc-arm-none-eabi-7-2017-q4-major/bin/../lib/gcc/arm-none-eabi/7.2.1/../../../../arm-none-eabi/lib/thumb/v7-m/libc_nano.a(lib_a-isattyr.o)
                0x0000000008005988                _isatty_r
 .text._lseek_r
                0x00000000080059a8       0x24 /usr/bin/gcc-arm-none-eabi-7-2017-q4-major/bin/../lib/gcc/arm-none-eabi/7.2.1/../../../../arm-none-eabi/lib/thumb/v7-m/libc_nano.a(lib_a-lseekr.o)
                0x00000000080059a8                _lseek_r
 .text.__malloc_lock
                0x00000000080059cc        0x2 /usr/bin/gcc-arm-none-eabi-7-2017-q4-major/bin/../lib/gcc/arm-none-eabi/7.2.1/../../../../arm-none-eabi/lib/thumb/v7-m/libc_nano.a(lib_a-mlock.o)
                0x00000000080059cc                __malloc_lock
 .text.__malloc_unlock
                0x00000000080059ce        0x2 /usr/bin/gcc-arm-none-eabi-7-2017-q4-major/bin/../lib/gcc/arm-none-eabi/7.2.1/../../../../arm-none-eabi/lib/thumb/v7-m/libc_nano.a(lib_a-mlock.o)
                0x00000000080059ce                __malloc_unlock
 .text._read_r  0x00000000080059d0       0x24 /usr/bin/gcc-arm-none-eabi-7-2017-q4-major/bin/../lib/gcc/arm-none-eabi/7.2.1/../../../../arm-none-eabi/lib/thumb/v7-m/libc_nano.a(lib_a-readr.o)
                0x00000000080059d0                _read_r
 .text._close   0x00000000080059f4       0x10 /usr/bin/gcc-arm-none-eabi-7-2017-q4-major/bin/../lib/gcc/arm-none-eabi/7.2.1/../../../../arm-none-eabi/lib/thumb/v7-m/libnosys.a(close.o)
                0x00000000080059f4                _close
 .text._fstat   0x0000000008005a04       0x10 /usr/bin/gcc-arm-none-eabi-7-2017-q4-major/bin/../lib/gcc/arm-none-eabi/7.2.1/../../../../arm-none-eabi/lib/thumb/v7-m/libnosys.a(fstat.o)
                0x0000000008005a04                _fstat
 .text._getpid  0x0000000008005a14       0x10 /usr/bin/gcc-arm-none-eabi-7-2017-q4-major/bin/../lib/gcc/arm-none-eabi/7.2.1/../../../../arm-none-eabi/lib/thumb/v7-m/libnosys.a(getpid.o)
                0x0000000008005a14                _getpid
 .text._isatty  0x0000000008005a24       0x10 /usr/bin/gcc-arm-none-eabi-7-2017-q4-major/bin/../lib/gcc/arm-none-eabi/7.2.1/../../../../arm-none-eabi/lib/thumb/v7-m/libnosys.a(isatty.o)
                0x0000000008005a24                _isatty
 .text._kill    0x0000000008005a34       0x10 /usr/bin/gcc-arm-none-eabi-7-2017-q4-major/bin/../lib/gcc/arm-none-eabi/7.2.1/../../../../arm-none-eabi/lib/thumb/v7-m/libnosys.a(kill.o)
                0x0000000008005a34                _kill
 .text._lseek   0x0000000008005a44       0x10 /usr/bin/gcc-arm-none-eabi-7-2017-q4-major/bin/../lib/gcc/arm-none-eabi/7.2.1/../../../../arm-none-eabi/lib/thumb/v7-m/libnosys.a(lseek.o)
                0x0000000008005a44                _lseek
 .text._read    0x0000000008005a54       0x10 /usr/bin/gcc-arm-none-eabi-7-2017-q4-major/bin/../lib/gcc/arm-none-eabi/7.2.1/../../../../arm-none-eabi/lib/thumb/v7-m/libnosys.a(read.o)
                0x0000000008005a54                _read
 .text._sbrk    0x0000000008005a64       0x1c /usr/bin/gcc-arm-none-eabi-7-2017-q4-major/bin/../lib/gcc/arm-none-eabi/7.2.1/../../../../arm-none-eabi/lib/thumb/v7-m/libnosys.a(sbrk.o)
                0x0000000008005a64                _sbrk
 .text._write   0x0000000008005a80       0x10 /usr/bin/gcc-arm-none-eabi-7-2017-q4-major/bin/../lib/gcc/arm-none-eabi/7.2.1/../../../../arm-none-eabi/lib/thumb/v7-m/libnosys.a(write.o)
                0x0000000008005a80                _write
 .text._exit    0x0000000008005a90        0x4 /usr/bin/gcc-arm-none-eabi-7-2017-q4-major/bin/../lib/gcc/arm-none-eabi/7.2.1/../../../../arm-none-eabi/lib/thumb/v7-m/libnosys.a(_exit.o)
                0x0000000008005a90                _exit
 *(.glue_7)
 .glue_7        0x0000000008005a94        0x0 linker stubs
 *(.glue_7t)
 .glue_7t       0x0000000008005a94        0x0 linker stubs
 *(.eh_frame)
 .eh_frame      0x0000000008005a94        0x0 /usr/bin/gcc-arm-none-eabi-7-2017-q4-major/bin/../lib/gcc/arm-none-eabi/7.2.1/thumb/v7-m/crtbegin.o
 *(.init)
 .init          0x0000000008005a94        0x4 /usr/bin/gcc-arm-none-eabi-7-2017-q4-major/bin/../lib/gcc/arm-none-eabi/7.2.1/thumb/v7-m/crti.o
                0x0000000008005a94                _init
 .init          0x0000000008005a98        0x8 /usr/bin/gcc-arm-none-eabi-7-2017-q4-major/bin/../lib/gcc/arm-none-eabi/7.2.1/thumb/v7-m/crtn.o
 *(.fini)
 .fini          0x0000000008005aa0        0x4 /usr/bin/gcc-arm-none-eabi-7-2017-q4-major/bin/../lib/gcc/arm-none-eabi/7.2.1/thumb/v7-m/crti.o
                0x0000000008005aa0                _fini
 .fini          0x0000000008005aa4        0x8 /usr/bin/gcc-arm-none-eabi-7-2017-q4-major/bin/../lib/gcc/arm-none-eabi/7.2.1/thumb/v7-m/crtn.o
                0x0000000008005aac                . = ALIGN (0x4)
                0x0000000008005aac                _etext = .

.vfp11_veneer   0x0000000008005aac        0x0
 .vfp11_veneer  0x0000000008005aac        0x0 linker stubs

.v4_bx          0x0000000008005aac        0x0
 .v4_bx         0x0000000008005aac        0x0 linker stubs

.iplt           0x0000000008005aac        0x0
 .iplt          0x0000000008005aac        0x0 /usr/bin/gcc-arm-none-eabi-7-2017-q4-major/bin/../lib/gcc/arm-none-eabi/7.2.1/thumb/v7-m/crtbegin.o

.rodata         0x0000000008005aac      0x568
                0x0000000008005aac                . = ALIGN (0x4)
 *(.rodata)
 .rodata        0x0000000008005aac       0x28 build/freertos.o
 .rodata        0x0000000008005ad4       0x12 build/stm32f1xx_hal_rcc.o
 *fill*         0x0000000008005ae6        0x2 
 .rodata        0x0000000008005ae8       0x12 build/stm32f1xx_hal_rcc_ex.o
 *(.rodata*)
 *fill*         0x0000000008005afa        0x2 
 .rodata.str1.4
                0x0000000008005afc        0xb build/main.o
 *fill*         0x0000000008005b07        0x1 
 .rodata.str1.4
                0x0000000008005b08        0xf build/freertos.o
 *fill*         0x0000000008005b17        0x1 
 .rodata.AHBPrescTable
                0x0000000008005b18       0x10 build/system_stm32f1xx.o
                0x0000000008005b18                AHBPrescTable
 .rodata.APBPrescTable
                0x0000000008005b28        0x8 build/system_stm32f1xx.o
                0x0000000008005b28                APBPrescTable
 .rodata.str1.4
                0x0000000008005b30        0x5 build/tasks.o
 *fill*         0x0000000008005b35        0x3 
 .rodata.__func__.5968
                0x0000000008005b38       0x1d build/uavcan.o
 *fill*         0x0000000008005b55        0x3 
 .rodata.makeNodeInfoMessage.str1.4
                0x0000000008005b58       0x14 build/uavcan.o
 .rodata.publishBattInfo.str1.4
                0x0000000008005b6c        0x6 build/uavcan.o
 *fill*         0x0000000008005b72        0x2 
 .rodata.uavcanInit.str1.4
                0x0000000008005b74       0x3e build/uavcan.o
 *fill*         0x0000000008005bb2        0x2 
 .rodata.MX_CAN_Init.str1.4
                0x0000000008005bb4        0xa build/can.o
 *fill*         0x0000000008005bbe        0x2 
 .rodata.MX_USART1_UART_Init.str1.4
                0x0000000008005bc0        0xc build/usart.o
 .rodata.MX_ADC1_Init.str1.4
                0x0000000008005bcc        0xa build/adc.o
 *fill*         0x0000000008005bd6        0x2 
 .rodata.__func__.4795
                0x0000000008005bd8        0xb build/canard.o
 *fill*         0x0000000008005be3        0x1 
 .rodata.__func__.4805
                0x0000000008005be4       0x15 build/canard.o
 *fill*         0x0000000008005bf9        0x3 
 .rodata.__func__.4858
                0x0000000008005bfc       0x14 build/canard.o
 .rodata.__func__.4921
                0x0000000008005c10       0x13 build/canard.o
 *fill*         0x0000000008005c23        0x1 
 .rodata.__func__.4975
                0x0000000008005c24       0x14 build/canard.o
 .rodata.__func__.4984
                0x0000000008005c38       0x10 build/canard.o
 .rodata.__func__.5002
                0x0000000008005c48        0xc build/canard.o
 .rodata.__func__.5027
                0x0000000008005c54       0x17 build/canard.o
 *fill*         0x0000000008005c6b        0x1 
 .rodata.__func__.5103
                0x0000000008005c6c        0xd build/canard.o
 *fill*         0x0000000008005c79        0x3 
 .rodata.__func__.5146
                0x0000000008005c7c        0xe build/canard.o
 *fill*         0x0000000008005c8a        0x2 
 .rodata.__func__.5197
                0x0000000008005c8c        0xa build/canard.o
 *fill*         0x0000000008005c96        0x2 
 .rodata.canardEncodeScalar.str1.4
                0x0000000008005c98       0x31 build/canard.o
 *fill*         0x0000000008005cc9        0x3 
 .rodata.canardHandleRxFrame.str1.4
                0x0000000008005ccc       0x7b build/canard.o
 *fill*         0x0000000008005d47        0x1 
 .rodata.canardInit.str1.4
                0x0000000008005d48       0x17 build/canard.o
 .rodata.canardSetLocalNodeID.str1.4
                0x0000000008005d5f        0x2 build/canard.o
 *fill*         0x0000000008005d5f        0x1 
 .rodata.copyBitArray.str1.4
                0x0000000008005d60        0xd build/canard.o
 *fill*         0x0000000008005d6d        0x3 
 .rodata.enqueueTxFrames.str1.4
                0x0000000008005d70       0x21 build/canard.o
 *fill*         0x0000000008005d91        0x3 
 .rodata.freeBlock.str1.4
                0x0000000008005d94       0x2f build/canard.o
 *fill*         0x0000000008005dc3        0x1 
 .rodata.incrementTransferID.str1.4
                0x0000000008005dc4       0x1b build/canard.o
 *fill*         0x0000000008005ddf        0x1 
 .rodata.prepareForNextTransfer.str1.4
                0x0000000008005de0       0x24 build/canard.o
 .rodata.pushTxQueue.str1.4
                0x0000000008005e04       0x2d build/canard.o
                                         0x41 (size before relaxing)
 *fill*         0x0000000008005e31        0x3 
 .rodata.swapByteOrder.str1.4
                0x0000000008005e34       0x14 build/canard.o
 .rodata.RFxR.5256
                0x0000000008005e48        0x8 build/canard_stm32.o
 .rodata.__func__.5239
                0x0000000008005e50       0x10 build/canard_stm32.o
 .rodata.__func__.5251
                0x0000000008005e60       0x14 build/canard_stm32.o
 .rodata.canardSTM32Init.str1.4
                0x0000000008005e74       0xaa build/canard_stm32.o
 *fill*         0x0000000008005f1e        0x2 
 .rodata.canardSTM32Transmit.str1.4
                0x0000000008005f20       0x20 build/canard_stm32.o
                                         0x1f (size before relaxing)
 .rodata.__assert_func.str1.1
                0x0000000008005f40       0x3c /usr/bin/gcc-arm-none-eabi-7-2017-q4-major/bin/../lib/gcc/arm-none-eabi/7.2.1/../../../../arm-none-eabi/lib/thumb/v7-m/libc_nano.a(lib_a-assert.o)
                                         0x3d (size before relaxing)
 .rodata._global_impure_ptr
                0x0000000008005f7c        0x4 /usr/bin/gcc-arm-none-eabi-7-2017-q4-major/bin/../lib/gcc/arm-none-eabi/7.2.1/../../../../arm-none-eabi/lib/thumb/v7-m/libc_nano.a(lib_a-impure.o)
                0x0000000008005f7c                _global_impure_ptr
 .rodata._vfprintf_r.str1.1
                0x0000000008005f80       0x11 /usr/bin/gcc-arm-none-eabi-7-2017-q4-major/bin/../lib/gcc/arm-none-eabi/7.2.1/../../../../arm-none-eabi/lib/thumb/v7-m/libc_nano.a(lib_a-nano-vfprintf.o)
 .rodata._printf_i.str1.1
                0x0000000008005f91       0x22 /usr/bin/gcc-arm-none-eabi-7-2017-q4-major/bin/../lib/gcc/arm-none-eabi/7.2.1/../../../../arm-none-eabi/lib/thumb/v7-m/libc_nano.a(lib_a-nano-vfprintf_i.o)
 *fill*         0x0000000008005fb3        0x1 
 .rodata.__sf_fake_stderr
                0x0000000008005fb4       0x20 /usr/bin/gcc-arm-none-eabi-7-2017-q4-major/bin/../lib/gcc/arm-none-eabi/7.2.1/../../../../arm-none-eabi/lib/thumb/v7-m/libc_nano.a(lib_a-findfp.o)
                0x0000000008005fb4                __sf_fake_stderr
 .rodata.__sf_fake_stdin
                0x0000000008005fd4       0x20 /usr/bin/gcc-arm-none-eabi-7-2017-q4-major/bin/../lib/gcc/arm-none-eabi/7.2.1/../../../../arm-none-eabi/lib/thumb/v7-m/libc_nano.a(lib_a-findfp.o)
                0x0000000008005fd4                __sf_fake_stdin
 .rodata.__sf_fake_stdout
                0x0000000008005ff4       0x20 /usr/bin/gcc-arm-none-eabi-7-2017-q4-major/bin/../lib/gcc/arm-none-eabi/7.2.1/../../../../arm-none-eabi/lib/thumb/v7-m/libc_nano.a(lib_a-findfp.o)
                0x0000000008005ff4                __sf_fake_stdout
                0x0000000008006014                . = ALIGN (0x4)

.rel.dyn        0x0000000008006014        0x0
 .rel.iplt      0x0000000008006014        0x0 /usr/bin/gcc-arm-none-eabi-7-2017-q4-major/bin/../lib/gcc/arm-none-eabi/7.2.1/thumb/v7-m/crtbegin.o

.ARM.extab
 *(.ARM.extab* .gnu.linkonce.armextab.*)

.ARM            0x0000000008006014        0x0
                0x0000000008006014                __exidx_start = .
 *(.ARM.exidx*)
                0x0000000008006014                __exidx_end = .

.preinit_array  0x0000000008006014        0x0
                0x0000000008006014                PROVIDE (__preinit_array_start, .)
 *(.preinit_array*)
                0x0000000008006014                PROVIDE (__preinit_array_end, .)

.init_array     0x0000000008006014        0x4
                0x0000000008006014                PROVIDE (__init_array_start, .)
 *(SORT_BY_NAME(.init_array.*))
 *(.init_array*)
 .init_array    0x0000000008006014        0x4 /usr/bin/gcc-arm-none-eabi-7-2017-q4-major/bin/../lib/gcc/arm-none-eabi/7.2.1/thumb/v7-m/crtbegin.o
                0x0000000008006018                PROVIDE (__init_array_end, .)

.fini_array     0x0000000008006018        0x4
                [!provide]                        PROVIDE (__fini_array_start, .)
 *(SORT_BY_NAME(.fini_array.*))
 *(.fini_array*)
 .fini_array    0x0000000008006018        0x4 /usr/bin/gcc-arm-none-eabi-7-2017-q4-major/bin/../lib/gcc/arm-none-eabi/7.2.1/thumb/v7-m/crtbegin.o
                [!provide]                        PROVIDE (__fini_array_end, .)
                0x000000000800601c                _sidata = LOADADDR (.data)

.data           0x0000000020000000       0x70 load address 0x000000000800601c
                0x0000000020000000                . = ALIGN (0x4)
                0x0000000020000000                _sdata = .
 *(.data)
 *(.data*)
 .data.uwTickFreq
                0x0000000020000000        0x1 build/stm32f1xx_hal.o
                0x0000000020000000                uwTickFreq
 *fill*         0x0000000020000001        0x3 
 .data.SystemCoreClock
                0x0000000020000004        0x4 build/system_stm32f1xx.o
                0x0000000020000004                SystemCoreClock
 .data.uxCriticalNesting
                0x0000000020000008        0x4 build/port.o
 .data._impure_ptr
                0x000000002000000c        0x4 /usr/bin/gcc-arm-none-eabi-7-2017-q4-major/bin/../lib/gcc/arm-none-eabi/7.2.1/../../../../arm-none-eabi/lib/thumb/v7-m/libc_nano.a(lib_a-impure.o)
                0x000000002000000c                _impure_ptr
 .data.impure_data
                0x0000000020000010       0x60 /usr/bin/gcc-arm-none-eabi-7-2017-q4-major/bin/../lib/gcc/arm-none-eabi/7.2.1/../../../../arm-none-eabi/lib/thumb/v7-m/libc_nano.a(lib_a-impure.o)
                0x0000000020000070                . = ALIGN (0x4)
                0x0000000020000070                _edata = .

.igot.plt       0x0000000020000070        0x0 load address 0x000000000800608c
 .igot.plt      0x0000000020000070        0x0 /usr/bin/gcc-arm-none-eabi-7-2017-q4-major/bin/../lib/gcc/arm-none-eabi/7.2.1/thumb/v7-m/crtbegin.o
                0x0000000020000070                . = ALIGN (0x4)

.bss            0x0000000020000070     0x48d4 load address 0x000000000800608c
                0x0000000020000070                _sbss = .
                0x0000000020000070                __bss_start__ = _sbss
 *(.bss)
 .bss           0x0000000020000070       0x1c /usr/bin/gcc-arm-none-eabi-7-2017-q4-major/bin/../lib/gcc/arm-none-eabi/7.2.1/thumb/v7-m/crtbegin.o
 *(.bss*)
 .bss.xFreeBytesRemaining
                0x000000002000008c        0x4 build/heap_4.o
 .bss.pxEnd     0x0000000020000090        0x4 build/heap_4.o
 .bss.xStart    0x0000000020000094        0x8 build/heap_4.o
 .bss.ucHeap    0x000000002000009c     0x4204 build/heap_4.o
 .bss.xBlockAllocatedBit
                0x00000000200042a0        0x4 build/heap_4.o
 .bss.xMinimumEverFreeBytesRemaining
                0x00000000200042a4        0x4 build/heap_4.o
 .bss.ucMaxSysCallPriority
                0x00000000200042a8        0x1 build/port.o
 *fill*         0x00000000200042a9        0x3 
 .bss.ulMaxPRIGROUPValue
                0x00000000200042ac        0x4 build/port.o
 .bss.xNumOfOverflows
                0x00000000200042b0        0x4 build/tasks.o
 .bss.pxDelayedTaskList
                0x00000000200042b4        0x4 build/tasks.o
 .bss.xSchedulerRunning
                0x00000000200042b8        0x4 build/tasks.o
 .bss.xTasksWaitingTermination
                0x00000000200042bc       0x14 build/tasks.o
 .bss.pxOverflowDelayedTaskList
                0x00000000200042d0        0x4 build/tasks.o
 .bss.uxPendedTicks
                0x00000000200042d4        0x4 build/tasks.o
 .bss.pxReadyTasksLists
                0x00000000200042d8       0x8c build/tasks.o
 .bss.uxSchedulerSuspended
                0x0000000020004364        0x4 build/tasks.o
 .bss.uxDeletedTasksWaitingCleanUp
                0x0000000020004368        0x4 build/tasks.o
 .bss.uxCurrentNumberOfTasks
                0x000000002000436c        0x4 build/tasks.o
 .bss.pxCurrentTCB
                0x0000000020004370        0x4 build/tasks.o
                0x0000000020004370                pxCurrentTCB
 .bss.xPendingReadyList
                0x0000000020004374       0x14 build/tasks.o
 .bss.xIdleTaskHandle
                0x0000000020004388        0x4 build/tasks.o
 .bss.xTickCount
                0x000000002000438c        0x4 build/tasks.o
 .bss.xNextTaskUnblockTime
                0x0000000020004390        0x4 build/tasks.o
 .bss.uxTaskNumber
                0x0000000020004394        0x4 build/tasks.o
 .bss.xDelayedTaskList1
                0x0000000020004398       0x14 build/tasks.o
 .bss.xDelayedTaskList2
                0x00000000200043ac       0x14 build/tasks.o
 .bss.xSuspendedTaskList
                0x00000000200043c0       0x14 build/tasks.o
 .bss.uxTopReadyPriority
                0x00000000200043d4        0x4 build/tasks.o
 .bss.xYieldPending
                0x00000000200043d8        0x4 build/tasks.o
 .bss.g_canard  0x00000000200043dc       0x24 build/uavcan.o
 .bss.g_canard_memory_pool
                0x0000000020004400      0x400 build/uavcan.o
 .bss.publish_time.8084
                0x0000000020004800        0x4 build/uavcan.o
 .bss.spin_time.8076
                0x0000000020004804        0x4 build/uavcan.o
 .bss.transfer_id.8078
                0x0000000020004808        0x1 build/uavcan.o
 .bss.g_abort_tx_on_error
                0x0000000020004809        0x1 build/canard_stm32.o
 *fill*         0x000000002000480a        0x6 
 .bss.g_stats   0x0000000020004810       0x10 build/canard_stm32.o
 .bss.__malloc_free_list
                0x0000000020004820        0x4 /usr/bin/gcc-arm-none-eabi-7-2017-q4-major/bin/../lib/gcc/arm-none-eabi/7.2.1/../../../../arm-none-eabi/lib/thumb/v7-m/libc_nano.a(lib_a-nano-mallocr.o)
                0x0000000020004820                __malloc_free_list
 .bss.__malloc_sbrk_start
                0x0000000020004824        0x4 /usr/bin/gcc-arm-none-eabi-7-2017-q4-major/bin/../lib/gcc/arm-none-eabi/7.2.1/../../../../arm-none-eabi/lib/thumb/v7-m/libc_nano.a(lib_a-nano-mallocr.o)
                0x0000000020004824                __malloc_sbrk_start
 .bss.heap_end.4102
                0x0000000020004828        0x4 /usr/bin/gcc-arm-none-eabi-7-2017-q4-major/bin/../lib/gcc/arm-none-eabi/7.2.1/../../../../arm-none-eabi/lib/thumb/v7-m/libnosys.a(sbrk.o)
 *(COMMON)
 COMMON         0x000000002000482c       0x10 build/freertos.o
                0x000000002000482c                Task02Handle
                0x0000000020004830                Task04Handle
                0x0000000020004834                Task01Handle
                0x0000000020004838                Task03Handle
 COMMON         0x000000002000483c        0x4 build/stm32f1xx_hal.o
                0x000000002000483c                uwTick
 COMMON         0x0000000020004840       0x44 build/can.o
                0x0000000020004840                hcan
 COMMON         0x0000000020004884       0x40 build/usart.o
                0x0000000020004884                huart1
 COMMON         0x00000000200048c4       0x40 build/stm32f1xx_hal_timebase_TIM.o
                0x00000000200048c4                htim4
 COMMON         0x0000000020004904       0x3c build/adc.o
                0x0000000020004904                hadc1
                0x0000000020004934                sConfig
 COMMON         0x0000000020004940        0x4 /usr/bin/gcc-arm-none-eabi-7-2017-q4-major/bin/../lib/gcc/arm-none-eabi/7.2.1/../../../../arm-none-eabi/lib/thumb/v7-m/libc_nano.a(lib_a-reent.o)
                0x0000000020004940                errno
                0x0000000020004944                . = ALIGN (0x4)
                0x0000000020004944                _ebss = .
                0x0000000020004944                __bss_end__ = _ebss

._user_heap_stack
                0x0000000020004944      0x604 load address 0x000000000800608c
                0x0000000020004948                . = ALIGN (0x8)
 *fill*         0x0000000020004944        0x4 
                0x0000000020004948                PROVIDE (end, .)
                [!provide]                        PROVIDE (_end, .)
                0x0000000020004b48                . = (. + _Min_Heap_Size)
 *fill*         0x0000000020004948      0x200 
                0x0000000020004f48                . = (. + _Min_Stack_Size)
 *fill*         0x0000000020004b48      0x400 
                0x0000000020004f48                . = ALIGN (0x8)

/DISCARD/
 libc.a(*)
 libm.a(*)
 libgcc.a(*)

.ARM.attributes
                0x0000000000000000       0x29
 *(.ARM.attributes)
 .ARM.attributes
                0x0000000000000000       0x1d /usr/bin/gcc-arm-none-eabi-7-2017-q4-major/bin/../lib/gcc/arm-none-eabi/7.2.1/thumb/v7-m/crti.o
 .ARM.attributes
                0x000000000000001d       0x2d /usr/bin/gcc-arm-none-eabi-7-2017-q4-major/bin/../lib/gcc/arm-none-eabi/7.2.1/thumb/v7-m/crtbegin.o
 .ARM.attributes
                0x000000000000004a       0x33 build/main.o
 .ARM.attributes
                0x000000000000007d       0x33 build/freertos.o
 .ARM.attributes
                0x00000000000000b0       0x33 build/stm32f1xx_it.o
 .ARM.attributes
                0x00000000000000e3       0x33 build/stm32f1xx_hal_msp.o
 .ARM.attributes
                0x0000000000000116       0x33 build/stm32f1xx_hal_can.o
 .ARM.attributes
                0x0000000000000149       0x33 build/stm32f1xx_hal_tim.o
 .ARM.attributes
                0x000000000000017c       0x33 build/stm32f1xx_hal_tim_ex.o
 .ARM.attributes
                0x00000000000001af       0x33 build/stm32f1xx_hal_uart.o
 .ARM.attributes
                0x00000000000001e2       0x33 build/stm32f1xx_hal.o
 .ARM.attributes
                0x0000000000000215       0x33 build/stm32f1xx_hal_rcc.o
 .ARM.attributes
                0x0000000000000248       0x33 build/stm32f1xx_hal_rcc_ex.o
 .ARM.attributes
                0x000000000000027b       0x33 build/stm32f1xx_hal_gpio.o
 .ARM.attributes
                0x00000000000002ae       0x33 build/stm32f1xx_hal_dma.o
 .ARM.attributes
                0x00000000000002e1       0x33 build/stm32f1xx_hal_cortex.o
 .ARM.attributes
                0x0000000000000314       0x33 build/system_stm32f1xx.o
 .ARM.attributes
                0x0000000000000347       0x33 build/heap_4.o
 .ARM.attributes
                0x000000000000037a       0x33 build/port.o
 .ARM.attributes
                0x00000000000003ad       0x33 build/list.o
 .ARM.attributes
                0x00000000000003e0       0x33 build/tasks.o
 .ARM.attributes
                0x0000000000000413       0x33 build/cmsis_os.o
 .ARM.attributes
                0x0000000000000446       0x33 build/uavcan.o
 .ARM.attributes
                0x0000000000000479       0x33 build/gpio.o
 .ARM.attributes
                0x00000000000004ac       0x33 build/can.o
 .ARM.attributes
                0x00000000000004df       0x33 build/usart.o
 .ARM.attributes
                0x0000000000000512       0x33 build/stm32f1xx_hal_timebase_TIM.o
 .ARM.attributes
                0x0000000000000545       0x33 build/adc.o
 .ARM.attributes
                0x0000000000000578       0x33 build/stm32f1xx_hal_adc.o
 .ARM.attributes
                0x00000000000005ab       0x33 build/canard.o
 .ARM.attributes
                0x00000000000005de       0x33 build/canard_stm32.o
 .ARM.attributes
                0x0000000000000611       0x21 build/startup_stm32f103xb.o
 .ARM.attributes
                0x0000000000000632       0x2d /usr/bin/gcc-arm-none-eabi-7-2017-q4-major/bin/../lib/gcc/arm-none-eabi/7.2.1/../../../../arm-none-eabi/lib/thumb/v7-m/libc_nano.a(lib_a-assert.o)
 .ARM.attributes
                0x000000000000065f       0x2d /usr/bin/gcc-arm-none-eabi-7-2017-q4-major/bin/../lib/gcc/arm-none-eabi/7.2.1/../../../../arm-none-eabi/lib/thumb/v7-m/libc_nano.a(lib_a-fprintf.o)
 .ARM.attributes
                0x000000000000068c       0x2d /usr/bin/gcc-arm-none-eabi-7-2017-q4-major/bin/../lib/gcc/arm-none-eabi/7.2.1/../../../../arm-none-eabi/lib/thumb/v7-m/libc_nano.a(lib_a-impure.o)
 .ARM.attributes
                0x00000000000006b9       0x2d /usr/bin/gcc-arm-none-eabi-7-2017-q4-major/bin/../lib/gcc/arm-none-eabi/7.2.1/../../../../arm-none-eabi/lib/thumb/v7-m/libc_nano.a(lib_a-init.o)
 .ARM.attributes
                0x00000000000006e6       0x2d /usr/bin/gcc-arm-none-eabi-7-2017-q4-major/bin/../lib/gcc/arm-none-eabi/7.2.1/../../../../arm-none-eabi/lib/thumb/v7-m/libc_nano.a(lib_a-memcpy-stub.o)
 .ARM.attributes
                0x0000000000000713       0x2d /usr/bin/gcc-arm-none-eabi-7-2017-q4-major/bin/../lib/gcc/arm-none-eabi/7.2.1/../../../../arm-none-eabi/lib/thumb/v7-m/libc_nano.a(lib_a-memset.o)
 .ARM.attributes
                0x0000000000000740       0x2d /usr/bin/gcc-arm-none-eabi-7-2017-q4-major/bin/../lib/gcc/arm-none-eabi/7.2.1/../../../../arm-none-eabi/lib/thumb/v7-m/libc_nano.a(lib_a-nano-vfprintf.o)
 .ARM.attributes
                0x000000000000076d       0x2d /usr/bin/gcc-arm-none-eabi-7-2017-q4-major/bin/../lib/gcc/arm-none-eabi/7.2.1/../../../../arm-none-eabi/lib/thumb/v7-m/libc_nano.a(lib_a-nano-vfprintf_i.o)
 .ARM.attributes
                0x000000000000079a       0x2d /usr/bin/gcc-arm-none-eabi-7-2017-q4-major/bin/../lib/gcc/arm-none-eabi/7.2.1/../../../../arm-none-eabi/lib/thumb/v7-m/libc_nano.a(lib_a-wbuf.o)
 .ARM.attributes
                0x00000000000007c7       0x2d /usr/bin/gcc-arm-none-eabi-7-2017-q4-major/bin/../lib/gcc/arm-none-eabi/7.2.1/../../../../arm-none-eabi/lib/thumb/v7-m/libc_nano.a(lib_a-wsetup.o)
 .ARM.attributes
                0x00000000000007f4       0x2d /usr/bin/gcc-arm-none-eabi-7-2017-q4-major/bin/../lib/gcc/arm-none-eabi/7.2.1/../../../../arm-none-eabi/lib/thumb/v7-m/libc_nano.a(lib_a-abort.o)
 .ARM.attributes
                0x0000000000000821       0x2d /usr/bin/gcc-arm-none-eabi-7-2017-q4-major/bin/../lib/gcc/arm-none-eabi/7.2.1/../../../../arm-none-eabi/lib/thumb/v7-m/libc_nano.a(lib_a-fflush.o)
 .ARM.attributes
                0x000000000000084e       0x2d /usr/bin/gcc-arm-none-eabi-7-2017-q4-major/bin/../lib/gcc/arm-none-eabi/7.2.1/../../../../arm-none-eabi/lib/thumb/v7-m/libc_nano.a(lib_a-findfp.o)
 .ARM.attributes
                0x000000000000087b       0x2d /usr/bin/gcc-arm-none-eabi-7-2017-q4-major/bin/../lib/gcc/arm-none-eabi/7.2.1/../../../../arm-none-eabi/lib/thumb/v7-m/libc_nano.a(lib_a-fwalk.o)
 .ARM.attributes
                0x00000000000008a8       0x2d /usr/bin/gcc-arm-none-eabi-7-2017-q4-major/bin/../lib/gcc/arm-none-eabi/7.2.1/../../../../arm-none-eabi/lib/thumb/v7-m/libc_nano.a(lib_a-makebuf.o)
 .ARM.attributes
                0x00000000000008d5       0x2d /usr/bin/gcc-arm-none-eabi-7-2017-q4-major/bin/../lib/gcc/arm-none-eabi/7.2.1/../../../../arm-none-eabi/lib/thumb/v7-m/libc_nano.a(lib_a-memchr-stub.o)
 .ARM.attributes
                0x0000000000000902       0x2d /usr/bin/gcc-arm-none-eabi-7-2017-q4-major/bin/../lib/gcc/arm-none-eabi/7.2.1/../../../../arm-none-eabi/lib/thumb/v7-m/libc_nano.a(lib_a-nano-freer.o)
 .ARM.attributes
                0x000000000000092f       0x2d /usr/bin/gcc-arm-none-eabi-7-2017-q4-major/bin/../lib/gcc/arm-none-eabi/7.2.1/../../../../arm-none-eabi/lib/thumb/v7-m/libc_nano.a(lib_a-nano-mallocr.o)
 .ARM.attributes
                0x000000000000095c       0x2d /usr/bin/gcc-arm-none-eabi-7-2017-q4-major/bin/../lib/gcc/arm-none-eabi/7.2.1/../../../../arm-none-eabi/lib/thumb/v7-m/libc_nano.a(lib_a-sbrkr.o)
 .ARM.attributes
                0x0000000000000989       0x2d /usr/bin/gcc-arm-none-eabi-7-2017-q4-major/bin/../lib/gcc/arm-none-eabi/7.2.1/../../../../arm-none-eabi/lib/thumb/v7-m/libc_nano.a(lib_a-signal.o)
 .ARM.attributes
                0x00000000000009b6       0x2d /usr/bin/gcc-arm-none-eabi-7-2017-q4-major/bin/../lib/gcc/arm-none-eabi/7.2.1/../../../../arm-none-eabi/lib/thumb/v7-m/libc_nano.a(lib_a-signalr.o)
 .ARM.attributes
                0x00000000000009e3       0x2d /usr/bin/gcc-arm-none-eabi-7-2017-q4-major/bin/../lib/gcc/arm-none-eabi/7.2.1/../../../../arm-none-eabi/lib/thumb/v7-m/libc_nano.a(lib_a-stdio.o)
 .ARM.attributes
                0x0000000000000a10       0x2d /usr/bin/gcc-arm-none-eabi-7-2017-q4-major/bin/../lib/gcc/arm-none-eabi/7.2.1/../../../../arm-none-eabi/lib/thumb/v7-m/libc_nano.a(lib_a-writer.o)
 .ARM.attributes
                0x0000000000000a3d       0x2d /usr/bin/gcc-arm-none-eabi-7-2017-q4-major/bin/../lib/gcc/arm-none-eabi/7.2.1/../../../../arm-none-eabi/lib/thumb/v7-m/libc_nano.a(lib_a-closer.o)
 .ARM.attributes
                0x0000000000000a6a       0x2d /usr/bin/gcc-arm-none-eabi-7-2017-q4-major/bin/../lib/gcc/arm-none-eabi/7.2.1/../../../../arm-none-eabi/lib/thumb/v7-m/libc_nano.a(lib_a-fstatr.o)
 .ARM.attributes
                0x0000000000000a97       0x2d /usr/bin/gcc-arm-none-eabi-7-2017-q4-major/bin/../lib/gcc/arm-none-eabi/7.2.1/../../../../arm-none-eabi/lib/thumb/v7-m/libc_nano.a(lib_a-isattyr.o)
 .ARM.attributes
                0x0000000000000ac4       0x2d /usr/bin/gcc-arm-none-eabi-7-2017-q4-major/bin/../lib/gcc/arm-none-eabi/7.2.1/../../../../arm-none-eabi/lib/thumb/v7-m/libc_nano.a(lib_a-lseekr.o)
 .ARM.attributes
                0x0000000000000af1       0x2d /usr/bin/gcc-arm-none-eabi-7-2017-q4-major/bin/../lib/gcc/arm-none-eabi/7.2.1/../../../../arm-none-eabi/lib/thumb/v7-m/libc_nano.a(lib_a-mlock.o)
 .ARM.attributes
                0x0000000000000b1e       0x2d /usr/bin/gcc-arm-none-eabi-7-2017-q4-major/bin/../lib/gcc/arm-none-eabi/7.2.1/../../../../arm-none-eabi/lib/thumb/v7-m/libc_nano.a(lib_a-readr.o)
 .ARM.attributes
                0x0000000000000b4b       0x2d /usr/bin/gcc-arm-none-eabi-7-2017-q4-major/bin/../lib/gcc/arm-none-eabi/7.2.1/../../../../arm-none-eabi/lib/thumb/v7-m/libc_nano.a(lib_a-reent.o)
 .ARM.attributes
                0x0000000000000b78       0x2d /usr/bin/gcc-arm-none-eabi-7-2017-q4-major/bin/../lib/gcc/arm-none-eabi/7.2.1/../../../../arm-none-eabi/lib/thumb/v7-m/libnosys.a(close.o)
 .ARM.attributes
                0x0000000000000ba5       0x2d /usr/bin/gcc-arm-none-eabi-7-2017-q4-major/bin/../lib/gcc/arm-none-eabi/7.2.1/../../../../arm-none-eabi/lib/thumb/v7-m/libnosys.a(fstat.o)
 .ARM.attributes
                0x0000000000000bd2       0x2d /usr/bin/gcc-arm-none-eabi-7-2017-q4-major/bin/../lib/gcc/arm-none-eabi/7.2.1/../../../../arm-none-eabi/lib/thumb/v7-m/libnosys.a(getpid.o)
 .ARM.attributes
                0x0000000000000bff       0x2d /usr/bin/gcc-arm-none-eabi-7-2017-q4-major/bin/../lib/gcc/arm-none-eabi/7.2.1/../../../../arm-none-eabi/lib/thumb/v7-m/libnosys.a(isatty.o)
 .ARM.attributes
                0x0000000000000c2c       0x2d /usr/bin/gcc-arm-none-eabi-7-2017-q4-major/bin/../lib/gcc/arm-none-eabi/7.2.1/../../../../arm-none-eabi/lib/thumb/v7-m/libnosys.a(kill.o)
 .ARM.attributes
                0x0000000000000c59       0x2d /usr/bin/gcc-arm-none-eabi-7-2017-q4-major/bin/../lib/gcc/arm-none-eabi/7.2.1/../../../../arm-none-eabi/lib/thumb/v7-m/libnosys.a(lseek.o)
 .ARM.attributes
                0x0000000000000c86       0x2d /usr/bin/gcc-arm-none-eabi-7-2017-q4-major/bin/../lib/gcc/arm-none-eabi/7.2.1/../../../../arm-none-eabi/lib/thumb/v7-m/libnosys.a(read.o)
 .ARM.attributes
                0x0000000000000cb3       0x2d /usr/bin/gcc-arm-none-eabi-7-2017-q4-major/bin/../lib/gcc/arm-none-eabi/7.2.1/../../../../arm-none-eabi/lib/thumb/v7-m/libnosys.a(sbrk.o)
 .ARM.attributes
                0x0000000000000ce0       0x2d /usr/bin/gcc-arm-none-eabi-7-2017-q4-major/bin/../lib/gcc/arm-none-eabi/7.2.1/../../../../arm-none-eabi/lib/thumb/v7-m/libnosys.a(write.o)
 .ARM.attributes
                0x0000000000000d0d       0x2d /usr/bin/gcc-arm-none-eabi-7-2017-q4-major/bin/../lib/gcc/arm-none-eabi/7.2.1/../../../../arm-none-eabi/lib/thumb/v7-m/libnosys.a(_exit.o)
 .ARM.attributes
                0x0000000000000d3a       0x1d /usr/bin/gcc-arm-none-eabi-7-2017-q4-major/bin/../lib/gcc/arm-none-eabi/7.2.1/thumb/v7-m/libgcc.a(_arm_muldivsf3.o)
 .ARM.attributes
                0x0000000000000d57       0x1d /usr/bin/gcc-arm-none-eabi-7-2017-q4-major/bin/../lib/gcc/arm-none-eabi/7.2.1/thumb/v7-m/crtn.o
OUTPUT(build/uavcan_bm.elf elf32-littlearm)

.debug_info     0x0000000000000000    0x1f8c2
 .debug_info    0x0000000000000000      0xc4b build/main.o
 .debug_info    0x0000000000000c4b     0x1242 build/freertos.o
 .debug_info    0x0000000000001e8d      0x938 build/stm32f1xx_it.o
 .debug_info    0x00000000000027c5      0x4ae build/stm32f1xx_hal_msp.o
 .debug_info    0x0000000000002c73      0xd0b build/stm32f1xx_hal_can.o
 .debug_info    0x000000000000397e     0x30fc build/stm32f1xx_hal_tim.o
 .debug_info    0x0000000000006a7a     0x13ea build/stm32f1xx_hal_tim_ex.o
 .debug_info    0x0000000000007e64     0x178e build/stm32f1xx_hal_uart.o
 .debug_info    0x00000000000095f2      0x7ec build/stm32f1xx_hal.o
 .debug_info    0x0000000000009dde      0xa9c build/stm32f1xx_hal_rcc.o
 .debug_info    0x000000000000a87a      0x438 build/stm32f1xx_hal_rcc_ex.o
 .debug_info    0x000000000000acb2      0x65b build/stm32f1xx_hal_gpio.o
 .debug_info    0x000000000000b30d      0x817 build/stm32f1xx_hal_dma.o
 .debug_info    0x000000000000bb24      0xcb4 build/stm32f1xx_hal_cortex.o
 .debug_info    0x000000000000c7d8      0x412 build/system_stm32f1xx.o
 .debug_info    0x000000000000cbea      0x44e build/heap_4.o
 .debug_info    0x000000000000d038      0x4fb build/port.o
 .debug_info    0x000000000000d533      0x2c9 build/list.o
 .debug_info    0x000000000000d7fc     0x22a3 build/tasks.o
 .debug_info    0x000000000000fa9f     0x1e5a build/cmsis_os.o
 .debug_info    0x00000000000118f9     0x2392 build/uavcan.o
 .debug_info    0x0000000000013c8b      0xc9c build/gpio.o
 .debug_info    0x0000000000014927     0x12bd build/can.o
 .debug_info    0x0000000000015be4     0x13c0 build/usart.o
 .debug_info    0x0000000000016fa4     0x133a build/stm32f1xx_hal_timebase_TIM.o
 .debug_info    0x00000000000182de     0x1688 build/adc.o
 .debug_info    0x0000000000019966     0x1821 build/stm32f1xx_hal_adc.o
 .debug_info    0x000000000001b187     0x32c4 build/canard.o
 .debug_info    0x000000000001e44b     0x1455 build/canard_stm32.o
 .debug_info    0x000000000001f8a0       0x22 build/startup_stm32f103xb.o

.debug_abbrev   0x0000000000000000     0x4726
 .debug_abbrev  0x0000000000000000      0x22a build/main.o
 .debug_abbrev  0x000000000000022a      0x297 build/freertos.o
 .debug_abbrev  0x00000000000004c1      0x17b build/stm32f1xx_it.o
 .debug_abbrev  0x000000000000063c      0x134 build/stm32f1xx_hal_msp.o
 .debug_abbrev  0x0000000000000770      0x21d build/stm32f1xx_hal_can.o
 .debug_abbrev  0x000000000000098d      0x29b build/stm32f1xx_hal_tim.o
 .debug_abbrev  0x0000000000000c28      0x261 build/stm32f1xx_hal_tim_ex.o
 .debug_abbrev  0x0000000000000e89      0x2a8 build/stm32f1xx_hal_uart.o
 .debug_abbrev  0x0000000000001131      0x232 build/stm32f1xx_hal.o
 .debug_abbrev  0x0000000000001363      0x2aa build/stm32f1xx_hal_rcc.o
 .debug_abbrev  0x000000000000160d      0x1b5 build/stm32f1xx_hal_rcc_ex.o
 .debug_abbrev  0x00000000000017c2      0x200 build/stm32f1xx_hal_gpio.o
 .debug_abbrev  0x00000000000019c2      0x21c build/stm32f1xx_hal_dma.o
 .debug_abbrev  0x0000000000001bde      0x2bf build/stm32f1xx_hal_cortex.o
 .debug_abbrev  0x0000000000001e9d      0x122 build/system_stm32f1xx.o
 .debug_abbrev  0x0000000000001fbf      0x228 build/heap_4.o
 .debug_abbrev  0x00000000000021e7      0x272 build/port.o
 .debug_abbrev  0x0000000000002459       0xf8 build/list.o
 .debug_abbrev  0x0000000000002551      0x39d build/tasks.o
 .debug_abbrev  0x00000000000028ee      0x37b build/cmsis_os.o
 .debug_abbrev  0x0000000000002c69      0x458 build/uavcan.o
 .debug_abbrev  0x00000000000030c1      0x20d build/gpio.o
 .debug_abbrev  0x00000000000032ce      0x248 build/can.o
 .debug_abbrev  0x0000000000003516      0x26f build/usart.o
 .debug_abbrev  0x0000000000003785      0x27b build/stm32f1xx_hal_timebase_TIM.o
 .debug_abbrev  0x0000000000003a00      0x277 build/adc.o
 .debug_abbrev  0x0000000000003c77      0x2a0 build/stm32f1xx_hal_adc.o
 .debug_abbrev  0x0000000000003f17      0x46b build/canard.o
 .debug_abbrev  0x0000000000004382      0x392 build/canard_stm32.o
 .debug_abbrev  0x0000000000004714       0x12 build/startup_stm32f103xb.o

.debug_loc      0x0000000000000000    0x11604
 .debug_loc     0x0000000000000000       0x9a build/main.o
 .debug_loc     0x000000000000009a       0xc6 build/freertos.o
 .debug_loc     0x0000000000000160       0x60 build/stm32f1xx_it.o
 .debug_loc     0x00000000000001c0       0x38 build/stm32f1xx_hal_msp.o
 .debug_loc     0x00000000000001f8      0xd1b build/stm32f1xx_hal_can.o
 .debug_loc     0x0000000000000f13     0x3d94 build/stm32f1xx_hal_tim.o
 .debug_loc     0x0000000000004ca7     0x11e8 build/stm32f1xx_hal_tim_ex.o
 .debug_loc     0x0000000000005e8f     0x1763 build/stm32f1xx_hal_uart.o
 .debug_loc     0x00000000000075f2      0x1a8 build/stm32f1xx_hal.o
 .debug_loc     0x000000000000779a      0x6fc build/stm32f1xx_hal_rcc.o
 .debug_loc     0x0000000000007e96      0x344 build/stm32f1xx_hal_rcc_ex.o
 .debug_loc     0x00000000000081da      0x401 build/stm32f1xx_hal_gpio.o
 .debug_loc     0x00000000000085db      0x80b build/stm32f1xx_hal_dma.o
 .debug_loc     0x0000000000008de6      0x545 build/stm32f1xx_hal_cortex.o
 .debug_loc     0x000000000000932b       0xe4 build/system_stm32f1xx.o
 .debug_loc     0x000000000000940f      0x33d build/heap_4.o
 .debug_loc     0x000000000000974c      0x106 build/port.o
 .debug_loc     0x0000000000009852       0x91 build/list.o
 .debug_loc     0x00000000000098e3     0x1647 build/tasks.o
 .debug_loc     0x000000000000af2a     0x160b build/cmsis_os.o
 .debug_loc     0x000000000000c535      0x758 build/uavcan.o
 .debug_loc     0x000000000000cc8d       0x38 build/gpio.o
 .debug_loc     0x000000000000ccc5       0xd3 build/can.o
 .debug_loc     0x000000000000cd98      0x12a build/usart.o
 .debug_loc     0x000000000000cec2       0xbd build/stm32f1xx_hal_timebase_TIM.o
 .debug_loc     0x000000000000cf7f      0x29e build/adc.o
 .debug_loc     0x000000000000d21d      0xd12 build/stm32f1xx_hal_adc.o
 .debug_loc     0x000000000000df2f     0x2db0 build/canard.o
 .debug_loc     0x0000000000010cdf      0x925 build/canard_stm32.o

.debug_aranges  0x0000000000000000     0x13f8
 .debug_aranges
                0x0000000000000000       0x38 build/main.o
 .debug_aranges
                0x0000000000000038       0x30 build/freertos.o
 .debug_aranges
                0x0000000000000068       0x60 build/stm32f1xx_it.o
 .debug_aranges
                0x00000000000000c8       0x20 build/stm32f1xx_hal_msp.o
 .debug_aranges
                0x00000000000000e8       0xb0 build/stm32f1xx_hal_can.o
 .debug_aranges
                0x0000000000000198      0x368 build/stm32f1xx_hal_tim.o
 .debug_aranges
                0x0000000000000500      0x138 build/stm32f1xx_hal_tim_ex.o
 .debug_aranges
                0x0000000000000638      0x1d0 build/stm32f1xx_hal_uart.o
 .debug_aranges
                0x0000000000000808       0xd0 build/stm32f1xx_hal.o
 .debug_aranges
                0x00000000000008d8       0x90 build/stm32f1xx_hal_rcc.o
 .debug_aranges
                0x0000000000000968       0x30 build/stm32f1xx_hal_rcc_ex.o
 .debug_aranges
                0x0000000000000998       0x58 build/stm32f1xx_hal_gpio.o
 .debug_aranges
                0x00000000000009f0       0x80 build/stm32f1xx_hal_dma.o
 .debug_aranges
                0x0000000000000a70       0x90 build/stm32f1xx_hal_cortex.o
 .debug_aranges
                0x0000000000000b00       0x28 build/system_stm32f1xx.o
 .debug_aranges
                0x0000000000000b28       0x50 build/heap_4.o
 .debug_aranges
                0x0000000000000b78       0x78 build/port.o
 .debug_aranges
                0x0000000000000bf0       0x40 build/list.o
 .debug_aranges
                0x0000000000000c30      0x190 build/tasks.o
 .debug_aranges
                0x0000000000000dc0      0x1d8 build/cmsis_os.o
 .debug_aranges
                0x0000000000000f98       0x88 build/uavcan.o
 .debug_aranges
                0x0000000000001020       0x20 build/gpio.o
 .debug_aranges
                0x0000000000001040       0x30 build/can.o
 .debug_aranges
                0x0000000000001070       0x38 build/usart.o
 .debug_aranges
                0x00000000000010a8       0x30 build/stm32f1xx_hal_timebase_TIM.o
 .debug_aranges
                0x00000000000010d8       0x38 build/adc.o
 .debug_aranges
                0x0000000000001110       0xf0 build/stm32f1xx_hal_adc.o
 .debug_aranges
                0x0000000000001200      0x168 build/canard.o
 .debug_aranges
                0x0000000000001368       0x68 build/canard_stm32.o
 .debug_aranges
                0x00000000000013d0       0x28 build/startup_stm32f103xb.o

.debug_ranges   0x0000000000000000     0x1578
 .debug_ranges  0x0000000000000000       0x28 build/main.o
 .debug_ranges  0x0000000000000028       0x20 build/freertos.o
 .debug_ranges  0x0000000000000048       0x50 build/stm32f1xx_it.o
 .debug_ranges  0x0000000000000098       0x10 build/stm32f1xx_hal_msp.o
 .debug_ranges  0x00000000000000a8       0xa0 build/stm32f1xx_hal_can.o
 .debug_ranges  0x0000000000000148      0x358 build/stm32f1xx_hal_tim.o
 .debug_ranges  0x00000000000004a0      0x128 build/stm32f1xx_hal_tim_ex.o
 .debug_ranges  0x00000000000005c8      0x1c0 build/stm32f1xx_hal_uart.o
 .debug_ranges  0x0000000000000788       0xc0 build/stm32f1xx_hal.o
 .debug_ranges  0x0000000000000848       0x98 build/stm32f1xx_hal_rcc.o
 .debug_ranges  0x00000000000008e0       0x38 build/stm32f1xx_hal_rcc_ex.o
 .debug_ranges  0x0000000000000918       0x48 build/stm32f1xx_hal_gpio.o
 .debug_ranges  0x0000000000000960       0x70 build/stm32f1xx_hal_dma.o
 .debug_ranges  0x00000000000009d0       0x80 build/stm32f1xx_hal_cortex.o
 .debug_ranges  0x0000000000000a50       0x18 build/system_stm32f1xx.o
 .debug_ranges  0x0000000000000a68       0x40 build/heap_4.o
 .debug_ranges  0x0000000000000aa8       0x68 build/port.o
 .debug_ranges  0x0000000000000b10       0x30 build/list.o
 .debug_ranges  0x0000000000000b40      0x1b8 build/tasks.o
 .debug_ranges  0x0000000000000cf8      0x1c8 build/cmsis_os.o
 .debug_ranges  0x0000000000000ec0       0xc0 build/uavcan.o
 .debug_ranges  0x0000000000000f80       0x10 build/gpio.o
 .debug_ranges  0x0000000000000f90       0x20 build/can.o
 .debug_ranges  0x0000000000000fb0       0x28 build/usart.o
 .debug_ranges  0x0000000000000fd8       0x20 build/stm32f1xx_hal_timebase_TIM.o
 .debug_ranges  0x0000000000000ff8       0x28 build/adc.o
 .debug_ranges  0x0000000000001020       0xe0 build/stm32f1xx_hal_adc.o
 .debug_ranges  0x0000000000001100      0x350 build/canard.o
 .debug_ranges  0x0000000000001450      0x108 build/canard_stm32.o
 .debug_ranges  0x0000000000001558       0x20 build/startup_stm32f103xb.o

.debug_line     0x0000000000000000     0x894b
 .debug_line    0x0000000000000000      0x27e build/main.o
 .debug_line    0x000000000000027e      0x32b build/freertos.o
 .debug_line    0x00000000000005a9      0x24d build/stm32f1xx_it.o
 .debug_line    0x00000000000007f6      0x142 build/stm32f1xx_hal_msp.o
 .debug_line    0x0000000000000938      0x6a5 build/stm32f1xx_hal_can.o
 .debug_line    0x0000000000000fdd     0x102a build/stm32f1xx_hal_tim.o
 .debug_line    0x0000000000002007      0x6f5 build/stm32f1xx_hal_tim_ex.o
 .debug_line    0x00000000000026fc      0xa2c build/stm32f1xx_hal_uart.o
 .debug_line    0x0000000000003128      0x331 build/stm32f1xx_hal.o
 .debug_line    0x0000000000003459      0x4b1 build/stm32f1xx_hal_rcc.o
 .debug_line    0x000000000000390a      0x250 build/stm32f1xx_hal_rcc_ex.o
 .debug_line    0x0000000000003b5a      0x2ee build/stm32f1xx_hal_gpio.o
 .debug_line    0x0000000000003e48      0x4d4 build/stm32f1xx_hal_dma.o
 .debug_line    0x000000000000431c      0x2b5 build/stm32f1xx_hal_cortex.o
 .debug_line    0x00000000000045d1      0x13c build/system_stm32f1xx.o
 .debug_line    0x000000000000470d      0x297 build/heap_4.o
 .debug_line    0x00000000000049a4      0x2aa build/port.o
 .debug_line    0x0000000000004c4e      0x1a7 build/list.o
 .debug_line    0x0000000000004df5      0xaa1 build/tasks.o
 .debug_line    0x0000000000005896      0x7d1 build/cmsis_os.o
 .debug_line    0x0000000000006067      0x4d9 build/uavcan.o
 .debug_line    0x0000000000006540      0x21e build/gpio.o
 .debug_line    0x000000000000675e      0x2a3 build/can.o
 .debug_line    0x0000000000006a01      0x2dc build/usart.o
 .debug_line    0x0000000000006cdd      0x2bb build/stm32f1xx_hal_timebase_TIM.o
 .debug_line    0x0000000000006f98      0x31e build/adc.o
 .debug_line    0x00000000000072b6      0x7f8 build/stm32f1xx_hal_adc.o
 .debug_line    0x0000000000007aae      0x9b7 build/canard.o
 .debug_line    0x0000000000008465      0x474 build/canard_stm32.o
 .debug_line    0x00000000000088d9       0x72 build/startup_stm32f103xb.o

.debug_str      0x0000000000000000     0x69ef
 .debug_str     0x0000000000000000      0xb5f build/main.o
                                        0xbf4 (size before relaxing)
 .debug_str     0x0000000000000b5f      0x836 build/freertos.o
                                        0xb4b (size before relaxing)
 .debug_str     0x0000000000001395       0xe8 build/stm32f1xx_it.o
                                        0x7b4 (size before relaxing)
 .debug_str     0x000000000000147d       0xb5 build/stm32f1xx_hal_msp.o
                                        0x4fb (size before relaxing)
 .debug_str     0x0000000000001532      0x523 build/stm32f1xx_hal_can.o
                                        0x761 (size before relaxing)
 .debug_str     0x0000000000001a55      0xd35 build/stm32f1xx_hal_tim.o
                                       0x1305 (size before relaxing)
 .debug_str     0x000000000000278a      0x4ee build/stm32f1xx_hal_tim_ex.o
                                        0xba7 (size before relaxing)
 .debug_str     0x0000000000002c78      0x558 build/stm32f1xx_hal_uart.o
                                        0xb30 (size before relaxing)
 .debug_str     0x00000000000031d0      0x28a build/stm32f1xx_hal.o
                                        0x7d5 (size before relaxing)
 .debug_str     0x000000000000345a      0x1d5 build/stm32f1xx_hal_rcc.o
                                        0x5eb (size before relaxing)
 .debug_str     0x000000000000362f       0x9c build/stm32f1xx_hal_rcc_ex.o
                                        0x3a3 (size before relaxing)
 .debug_str     0x00000000000036cb      0x155 build/stm32f1xx_hal_gpio.o
                                        0x3d6 (size before relaxing)
 .debug_str     0x0000000000003820      0x207 build/stm32f1xx_hal_dma.o
                                        0x5cd (size before relaxing)
 .debug_str     0x0000000000003a27      0x277 build/stm32f1xx_hal_cortex.o
                                        0x87b (size before relaxing)
 .debug_str     0x0000000000003c9e       0x4a build/system_stm32f1xx.o
                                        0x27d (size before relaxing)
 .debug_str     0x0000000000003ce8      0x245 build/heap_4.o
                                        0x395 (size before relaxing)
 .debug_str     0x0000000000003f2d      0x277 build/port.o
                                        0x3f6 (size before relaxing)
 .debug_str     0x00000000000041a4      0x141 build/list.o
                                        0x2a1 (size before relaxing)
 .debug_str     0x00000000000042e5      0x9cd build/tasks.o
                                        0xd9c (size before relaxing)
 .debug_str     0x0000000000004cb2      0x6ab build/cmsis_os.o
                                        0xd87 (size before relaxing)
 .debug_str     0x000000000000535d      0x838 build/uavcan.o
                                       0x1286 (size before relaxing)
 .debug_str     0x0000000000005b95       0x1b build/gpio.o
                                        0x691 (size before relaxing)
 .debug_str     0x0000000000005bb0       0x14 build/can.o
                                        0x9fb (size before relaxing)
 .debug_str     0x0000000000005bc4       0x24 build/usart.o
                                        0xd91 (size before relaxing)
 .debug_str     0x0000000000005be8       0x58 build/stm32f1xx_hal_timebase_TIM.o
                                        0xe13 (size before relaxing)
 .debug_str     0x0000000000005c40      0x1dc build/adc.o
                                        0xa76 (size before relaxing)
 .debug_str     0x0000000000005e1c      0x2af build/stm32f1xx_hal_adc.o
                                        0xca6 (size before relaxing)
 .debug_str     0x00000000000060cb      0x62c build/canard.o
                                       0x109b (size before relaxing)
 .debug_str     0x00000000000066f7      0x2d3 build/canard_stm32.o
                                        0xa4d (size before relaxing)
 .debug_str     0x00000000000069ca       0x25 build/startup_stm32f103xb.o
                                         0x48 (size before relaxing)

.comment        0x0000000000000000       0xb6
 .comment       0x0000000000000000       0x38 build/main.o
                                         0x39 (size before relaxing)
 .comment       0x0000000000000038       0x7e build/freertos.o
                                         0x7f (size before relaxing)
 .comment       0x00000000000000b6       0x39 build/stm32f1xx_it.o
 .comment       0x00000000000000b6       0x39 build/stm32f1xx_hal_msp.o
 .comment       0x00000000000000b6       0x39 build/stm32f1xx_hal_can.o
 .comment       0x00000000000000b6       0x39 build/stm32f1xx_hal_tim.o
 .comment       0x00000000000000b6       0x39 build/stm32f1xx_hal_tim_ex.o
 .comment       0x00000000000000b6       0x39 build/stm32f1xx_hal_uart.o
 .comment       0x00000000000000b6       0x39 build/stm32f1xx_hal.o
 .comment       0x00000000000000b6       0x39 build/stm32f1xx_hal_rcc.o
 .comment       0x00000000000000b6       0x39 build/stm32f1xx_hal_rcc_ex.o
 .comment       0x00000000000000b6       0x39 build/stm32f1xx_hal_gpio.o
 .comment       0x00000000000000b6       0x39 build/stm32f1xx_hal_dma.o
 .comment       0x00000000000000b6       0x39 build/stm32f1xx_hal_cortex.o
 .comment       0x00000000000000b6       0x39 build/system_stm32f1xx.o
 .comment       0x00000000000000b6       0x39 build/heap_4.o
 .comment       0x00000000000000b6       0x39 build/port.o
 .comment       0x00000000000000b6       0x39 build/list.o
 .comment       0x00000000000000b6       0x39 build/tasks.o
 .comment       0x00000000000000b6       0x39 build/cmsis_os.o
 .comment       0x00000000000000b6       0x7f build/uavcan.o